26/07/03 08:13:31 INFO SparkContext: Running Spark version 3.5.6
26/07/03 08:13:31 INFO SparkContext: OS info Linux, 6.12.76-linuxkit, aarch64
26/07/03 08:13:31 INFO SparkContext: Java version 11.0.27
26/07/03 08:13:31 WARN NativeCodeLoader: Unable to load native-hadoop library for your platform... using builtin-java classes where applicable
26/07/03 08:13:31 INFO ResourceUtils: ==============================================================
26/07/03 08:13:31 INFO ResourceUtils: No custom resources configured for spark.driver.
26/07/03 08:13:31 INFO ResourceUtils: ==============================================================
26/07/03 08:13:31 INFO SparkContext: Submitted application: Kafka Offset Gap Checker
26/07/03 08:13:31 INFO ResourceProfile: Default ResourceProfile created, executor resources: Map(cores -> name: cores, amount: 1, script: , vendor: , memory -> name: memory, amount: 1024, script: , vendor: , offHeap -> name: offHeap, amount: 0, script: , vendor: ), task resources: Map(cpus -> name: cpus, amount: 1.0)
26/07/03 08:13:31 INFO ResourceProfile: Limiting resource is cpu
26/07/03 08:13:31 INFO ResourceProfileManager: Added ResourceProfile id: 0
26/07/03 08:13:31 INFO SecurityManager: Changing view acls to: spark
26/07/03 08:13:31 INFO SecurityManager: Changing modify acls to: spark
26/07/03 08:13:31 INFO SecurityManager: Changing view acls groups to: 
26/07/03 08:13:31 INFO SecurityManager: Changing modify acls groups to: 
26/07/03 08:13:31 INFO SecurityManager: SecurityManager: authentication disabled; ui acls disabled; users with view permissions: spark; groups with view permissions: EMPTY; users with modify permissions: spark; groups with modify permissions: EMPTY
26/07/03 08:13:32 INFO Utils: Successfully started service 'sparkDriver' on port 37281.
26/07/03 08:13:32 INFO SparkEnv: Registering MapOutputTracker
26/07/03 08:13:32 INFO SparkEnv: Registering BlockManagerMaster
26/07/03 08:13:32 INFO BlockManagerMasterEndpoint: Using org.apache.spark.storage.DefaultTopologyMapper for getting topology information
26/07/03 08:13:32 INFO BlockManagerMasterEndpoint: BlockManagerMasterEndpoint up
26/07/03 08:13:32 INFO SparkEnv: Registering BlockManagerMasterHeartbeat
26/07/03 08:13:32 INFO DiskBlockManager: Created local directory at /tmp/blockmgr-4e36d92e-9960-4708-b766-010431632c19
26/07/03 08:13:32 INFO MemoryStore: MemoryStore started with capacity 434.4 MiB
26/07/03 08:13:32 INFO SparkEnv: Registering OutputCommitCoordinator
26/07/03 08:13:32 INFO JettyUtils: Start Jetty 0.0.0.0:4040 for SparkUI
26/07/03 08:13:32 INFO Utils: Successfully started service 'SparkUI' on port 4040.
26/07/03 08:13:32 INFO SparkContext: Added JAR file:/workspace/build/libs/recon-kafka-offset-gap-checker-1.0.0.jar at spark://064b77ed9c92:37281/jars/recon-kafka-offset-gap-checker-1.0.0.jar with timestamp 1783066411884
26/07/03 08:13:32 INFO Executor: Starting executor ID driver on host 064b77ed9c92
26/07/03 08:13:32 INFO Executor: OS info Linux, 6.12.76-linuxkit, aarch64
26/07/03 08:13:32 INFO Executor: Java version 11.0.27
26/07/03 08:13:32 INFO Executor: Starting executor with user classpath (userClassPathFirst = false): ''
26/07/03 08:13:32 INFO Executor: Created or updated repl class loader org.apache.spark.util.MutableURLClassLoader@29b40b3 for default.
26/07/03 08:13:32 INFO Executor: Fetching spark://064b77ed9c92:37281/jars/recon-kafka-offset-gap-checker-1.0.0.jar with timestamp 1783066411884
26/07/03 08:13:32 INFO TransportClientFactory: Successfully created connection to 064b77ed9c92/172.17.0.2:37281 after 10 ms (0 ms spent in bootstraps)
26/07/03 08:13:32 INFO Utils: Fetching spark://064b77ed9c92:37281/jars/recon-kafka-offset-gap-checker-1.0.0.jar to /tmp/spark-aa325d3b-d9ec-4850-b1fe-d62032dd9b7c/userFiles-82cd5e7c-bc62-4822-8598-76c39c749b72/fetchFileTemp13212213288558257553.tmp
26/07/03 08:13:32 INFO Executor: Adding file:/tmp/spark-aa325d3b-d9ec-4850-b1fe-d62032dd9b7c/userFiles-82cd5e7c-bc62-4822-8598-76c39c749b72/recon-kafka-offset-gap-checker-1.0.0.jar to class loader default
26/07/03 08:13:32 INFO Utils: Successfully started service 'org.apache.spark.network.netty.NettyBlockTransferService' on port 46877.
26/07/03 08:13:32 INFO NettyBlockTransferService: Server created on 064b77ed9c92:46877
26/07/03 08:13:32 INFO BlockManager: Using org.apache.spark.storage.RandomBlockReplicationPolicy for block replication policy
26/07/03 08:13:32 INFO BlockManagerMaster: Registering BlockManager BlockManagerId(driver, 064b77ed9c92, 46877, None)
26/07/03 08:13:32 INFO BlockManagerMasterEndpoint: Registering block manager 064b77ed9c92:46877 with 434.4 MiB RAM, BlockManagerId(driver, 064b77ed9c92, 46877, None)
26/07/03 08:13:32 INFO BlockManagerMaster: Registered BlockManager BlockManagerId(driver, 064b77ed9c92, 46877, None)
26/07/03 08:13:32 INFO BlockManager: Initialized BlockManager: BlockManagerId(driver, 064b77ed9c92, 46877, None)
26/07/03 08:13:32 INFO SharedState: Setting hive.metastore.warehouse.dir ('null') to the value of spark.sql.warehouse.dir.
26/07/03 08:13:32 INFO SharedState: Warehouse path is 'file:/workspace/spark-warehouse'.
26/07/03 08:13:32 INFO InMemoryFileIndex: It took 16 ms to list leaf files for 2 paths.
26/07/03 08:13:32 INFO SparkContext: Starting job: parquet at MetadataNormalizer.java:40
26/07/03 08:13:32 INFO DAGScheduler: Got job 0 (parquet at MetadataNormalizer.java:40) with 1 output partitions
26/07/03 08:13:32 INFO DAGScheduler: Final stage: ResultStage 0 (parquet at MetadataNormalizer.java:40)
26/07/03 08:13:32 INFO DAGScheduler: Parents of final stage: List()
26/07/03 08:13:32 INFO DAGScheduler: Missing parents: List()
26/07/03 08:13:32 INFO DAGScheduler: Submitting ResultStage 0 (MapPartitionsRDD[1] at parquet at MetadataNormalizer.java:40), which has no missing parents
26/07/03 08:13:32 INFO MemoryStore: Block broadcast_0 stored as values in memory (estimated size 103.9 KiB, free 434.3 MiB)
26/07/03 08:13:32 INFO MemoryStore: Block broadcast_0_piece0 stored as bytes in memory (estimated size 37.5 KiB, free 434.3 MiB)
26/07/03 08:13:32 INFO BlockManagerInfo: Added broadcast_0_piece0 in memory on 064b77ed9c92:46877 (size: 37.5 KiB, free: 434.4 MiB)
26/07/03 08:13:32 INFO SparkContext: Created broadcast 0 from broadcast at DAGScheduler.scala:1611
26/07/03 08:13:32 INFO DAGScheduler: Submitting 1 missing tasks from ResultStage 0 (MapPartitionsRDD[1] at parquet at MetadataNormalizer.java:40) (first 15 tasks are for partitions Vector(0))
26/07/03 08:13:32 INFO TaskSchedulerImpl: Adding task set 0.0 with 1 tasks resource profile 0
26/07/03 08:13:32 INFO TaskSetManager: Starting task 0.0 in stage 0.0 (TID 0) (064b77ed9c92, executor driver, partition 0, PROCESS_LOCAL, 9394 bytes) 
26/07/03 08:13:32 INFO Executor: Running task 0.0 in stage 0.0 (TID 0)
26/07/03 08:13:33 INFO Executor: Finished task 0.0 in stage 0.0 (TID 0). 1712 bytes result sent to driver
26/07/03 08:13:33 INFO TaskSetManager: Finished task 0.0 in stage 0.0 (TID 0) in 136 ms on 064b77ed9c92 (executor driver) (1/1)
26/07/03 08:13:33 INFO TaskSchedulerImpl: Removed TaskSet 0.0, whose tasks have all completed, from pool 
26/07/03 08:13:33 INFO DAGScheduler: ResultStage 0 (parquet at MetadataNormalizer.java:40) finished in 0.188 s
26/07/03 08:13:33 INFO DAGScheduler: Job 0 is finished. Cancelling potential speculative or zombie tasks for this job
26/07/03 08:13:33 INFO TaskSchedulerImpl: Killing all running tasks in stage 0: Stage finished
26/07/03 08:13:33 INFO DAGScheduler: Job 0 finished: parquet at MetadataNormalizer.java:40, took 0.201141 s
26/07/03 08:13:33 INFO BlockManagerInfo: Removed broadcast_0_piece0 on 064b77ed9c92:46877 in memory (size: 37.5 KiB, free: 434.4 MiB)
26/07/03 08:13:33 INFO FileSourceStrategy: Pushed Filters: 
26/07/03 08:13:33 INFO FileSourceStrategy: Post-Scan Filters: 
26/07/03 08:13:33 INFO CodeGenerator: Code generated in 73.115625 ms
26/07/03 08:13:33 INFO MemoryStore: Block broadcast_1 stored as values in memory (estimated size 201.6 KiB, free 434.2 MiB)
26/07/03 08:13:33 INFO MemoryStore: Block broadcast_1_piece0 stored as bytes in memory (estimated size 35.0 KiB, free 434.2 MiB)
26/07/03 08:13:33 INFO BlockManagerInfo: Added broadcast_1_piece0 in memory on 064b77ed9c92:46877 (size: 35.0 KiB, free: 434.4 MiB)
26/07/03 08:13:33 INFO SparkContext: Created broadcast 1 from count at MetadataNormalizer.java:48
26/07/03 08:13:33 INFO FileSourceScanExec: Planning scan with bin packing, max size: 4194304 bytes, open cost is considered as scanning 4194304 bytes.
26/07/03 08:13:33 INFO DAGScheduler: Registering RDD 5 (count at MetadataNormalizer.java:48) as input to shuffle 0
26/07/03 08:13:33 INFO DAGScheduler: Got map stage job 1 (count at MetadataNormalizer.java:48) with 2 output partitions
26/07/03 08:13:33 INFO DAGScheduler: Final stage: ShuffleMapStage 1 (count at MetadataNormalizer.java:48)
26/07/03 08:13:33 INFO DAGScheduler: Parents of final stage: List()
26/07/03 08:13:33 INFO DAGScheduler: Missing parents: List()
26/07/03 08:13:33 INFO DAGScheduler: Submitting ShuffleMapStage 1 (MapPartitionsRDD[5] at count at MetadataNormalizer.java:48), which has no missing parents
26/07/03 08:13:33 INFO MemoryStore: Block broadcast_2 stored as values in memory (estimated size 17.0 KiB, free 434.2 MiB)
26/07/03 08:13:33 INFO MemoryStore: Block broadcast_2_piece0 stored as bytes in memory (estimated size 7.8 KiB, free 434.1 MiB)
26/07/03 08:13:33 INFO BlockManagerInfo: Added broadcast_2_piece0 in memory on 064b77ed9c92:46877 (size: 7.8 KiB, free: 434.4 MiB)
26/07/03 08:13:33 INFO SparkContext: Created broadcast 2 from broadcast at DAGScheduler.scala:1611
26/07/03 08:13:33 INFO DAGScheduler: Submitting 2 missing tasks from ShuffleMapStage 1 (MapPartitionsRDD[5] at count at MetadataNormalizer.java:48) (first 15 tasks are for partitions Vector(0, 1))
26/07/03 08:13:33 INFO TaskSchedulerImpl: Adding task set 1.0 with 2 tasks resource profile 0
26/07/03 08:13:33 INFO TaskSetManager: Starting task 0.0 in stage 1.0 (TID 1) (064b77ed9c92, executor driver, partition 0, PROCESS_LOCAL, 9890 bytes) 
26/07/03 08:13:33 INFO TaskSetManager: Starting task 1.0 in stage 1.0 (TID 2) (064b77ed9c92, executor driver, partition 1, PROCESS_LOCAL, 9890 bytes) 
26/07/03 08:13:33 INFO Executor: Running task 0.0 in stage 1.0 (TID 1)
26/07/03 08:13:33 INFO Executor: Running task 1.0 in stage 1.0 (TID 2)
26/07/03 08:13:33 INFO CodeGenerator: Code generated in 8.620125 ms
26/07/03 08:13:33 INFO FileScanRDD: Reading File path: file:///recon-local/java-fixtures/pass/root_a/timestampcolumn=2026-07-01/part-00000-0ac16dc4-1f38-414a-bad9-0c72fbef13d2-c000.snappy.parquet, range: 0-907, partition values: [empty row]
26/07/03 08:13:33 INFO FileScanRDD: Reading File path: file:///recon-local/java-fixtures/pass/root_b/timestampcolumn=2026-07-01/part-00000-2ae42966-6bdd-4652-8548-e2fb50dfd822-c000.snappy.parquet, range: 0-897, partition values: [empty row]
26/07/03 08:13:33 INFO Executor: Finished task 1.0 in stage 1.0 (TID 2). 2136 bytes result sent to driver
26/07/03 08:13:33 INFO Executor: Finished task 0.0 in stage 1.0 (TID 1). 2136 bytes result sent to driver
26/07/03 08:13:33 INFO TaskSetManager: Finished task 1.0 in stage 1.0 (TID 2) in 91 ms on 064b77ed9c92 (executor driver) (1/2)
26/07/03 08:13:33 INFO TaskSetManager: Finished task 0.0 in stage 1.0 (TID 1) in 92 ms on 064b77ed9c92 (executor driver) (2/2)
26/07/03 08:13:33 INFO TaskSchedulerImpl: Removed TaskSet 1.0, whose tasks have all completed, from pool 
26/07/03 08:13:33 INFO DAGScheduler: ShuffleMapStage 1 (count at MetadataNormalizer.java:48) finished in 0.109 s
26/07/03 08:13:33 INFO DAGScheduler: looking for newly runnable stages
26/07/03 08:13:33 INFO DAGScheduler: running: Set()
26/07/03 08:13:33 INFO DAGScheduler: waiting: Set()
26/07/03 08:13:33 INFO DAGScheduler: failed: Set()
26/07/03 08:13:33 INFO CodeGenerator: Code generated in 5.541001 ms
26/07/03 08:13:33 INFO SparkContext: Starting job: count at MetadataNormalizer.java:48
26/07/03 08:13:33 INFO DAGScheduler: Got job 2 (count at MetadataNormalizer.java:48) with 1 output partitions
26/07/03 08:13:33 INFO DAGScheduler: Final stage: ResultStage 3 (count at MetadataNormalizer.java:48)
26/07/03 08:13:33 INFO DAGScheduler: Parents of final stage: List(ShuffleMapStage 2)
26/07/03 08:13:33 INFO DAGScheduler: Missing parents: List()
26/07/03 08:13:33 INFO DAGScheduler: Submitting ResultStage 3 (MapPartitionsRDD[8] at count at MetadataNormalizer.java:48), which has no missing parents
26/07/03 08:13:33 INFO MemoryStore: Block broadcast_3 stored as values in memory (estimated size 12.5 KiB, free 434.1 MiB)
26/07/03 08:13:33 INFO MemoryStore: Block broadcast_3_piece0 stored as bytes in memory (estimated size 5.9 KiB, free 434.1 MiB)
26/07/03 08:13:33 INFO BlockManagerInfo: Added broadcast_3_piece0 in memory on 064b77ed9c92:46877 (size: 5.9 KiB, free: 434.4 MiB)
26/07/03 08:13:33 INFO SparkContext: Created broadcast 3 from broadcast at DAGScheduler.scala:1611
26/07/03 08:13:33 INFO DAGScheduler: Submitting 1 missing tasks from ResultStage 3 (MapPartitionsRDD[8] at count at MetadataNormalizer.java:48) (first 15 tasks are for partitions Vector(0))
26/07/03 08:13:33 INFO TaskSchedulerImpl: Adding task set 3.0 with 1 tasks resource profile 0
26/07/03 08:13:33 INFO TaskSetManager: Starting task 0.0 in stage 3.0 (TID 3) (064b77ed9c92, executor driver, partition 0, NODE_LOCAL, 9198 bytes) 
26/07/03 08:13:33 INFO Executor: Running task 0.0 in stage 3.0 (TID 3)
26/07/03 08:13:33 INFO ShuffleBlockFetcherIterator: Getting 2 (120.0 B) non-empty blocks including 2 (120.0 B) local and 0 (0.0 B) host-local and 0 (0.0 B) push-merged-local and 0 (0.0 B) remote blocks
26/07/03 08:13:33 INFO ShuffleBlockFetcherIterator: Started 0 remote fetches in 2 ms
26/07/03 08:13:33 INFO CodeGenerator: Code generated in 4.013042 ms
26/07/03 08:13:33 INFO Executor: Finished task 0.0 in stage 3.0 (TID 3). 3995 bytes result sent to driver
26/07/03 08:13:33 INFO TaskSetManager: Finished task 0.0 in stage 3.0 (TID 3) in 28 ms on 064b77ed9c92 (executor driver) (1/1)
26/07/03 08:13:33 INFO TaskSchedulerImpl: Removed TaskSet 3.0, whose tasks have all completed, from pool 
26/07/03 08:13:33 INFO DAGScheduler: ResultStage 3 (count at MetadataNormalizer.java:48) finished in 0.032 s
26/07/03 08:13:33 INFO DAGScheduler: Job 2 is finished. Cancelling potential speculative or zombie tasks for this job
26/07/03 08:13:33 INFO TaskSchedulerImpl: Killing all running tasks in stage 3: Stage finished
26/07/03 08:13:33 INFO DAGScheduler: Job 2 finished: count at MetadataNormalizer.java:48, took 0.036570 s
26/07/03 08:13:33 INFO BlockManagerInfo: Removed broadcast_2_piece0 on 064b77ed9c92:46877 in memory (size: 7.8 KiB, free: 434.4 MiB)
26/07/03 08:13:33 INFO BlockManagerInfo: Removed broadcast_3_piece0 on 064b77ed9c92:46877 in memory (size: 5.9 KiB, free: 434.4 MiB)
26/07/03 08:13:33 INFO FileSourceStrategy: Pushed Filters: 
26/07/03 08:13:33 INFO FileSourceStrategy: Post-Scan Filters: 
26/07/03 08:13:33 INFO CodeGenerator: Code generated in 24.770709 ms
26/07/03 08:13:33 INFO CodeGenerator: Code generated in 5.018416 ms
26/07/03 08:13:33 INFO MemoryStore: Block broadcast_4 stored as values in memory (estimated size 201.8 KiB, free 434.0 MiB)
26/07/03 08:13:33 INFO MemoryStore: Block broadcast_4_piece0 stored as bytes in memory (estimated size 35.1 KiB, free 433.9 MiB)
26/07/03 08:13:33 INFO BlockManagerInfo: Added broadcast_4_piece0 in memory on 064b77ed9c92:46877 (size: 35.1 KiB, free: 434.3 MiB)
26/07/03 08:13:33 INFO SparkContext: Created broadcast 4 from show at MetadataNormalizer.java:116
26/07/03 08:13:33 INFO FileSourceScanExec: Planning scan with bin packing, max size: 4194304 bytes, open cost is considered as scanning 4194304 bytes.
26/07/03 08:13:33 INFO DAGScheduler: Registering RDD 14 (show at MetadataNormalizer.java:116) as input to shuffle 1
26/07/03 08:13:33 INFO DAGScheduler: Got map stage job 3 (show at MetadataNormalizer.java:116) with 2 output partitions
26/07/03 08:13:33 INFO DAGScheduler: Final stage: ShuffleMapStage 4 (show at MetadataNormalizer.java:116)
26/07/03 08:13:33 INFO DAGScheduler: Parents of final stage: List()
26/07/03 08:13:33 INFO DAGScheduler: Missing parents: List()
26/07/03 08:13:33 INFO DAGScheduler: Submitting ShuffleMapStage 4 (MapPartitionsRDD[14] at show at MetadataNormalizer.java:116), which has no missing parents
26/07/03 08:13:33 INFO MemoryStore: Block broadcast_5 stored as values in memory (estimated size 51.6 KiB, free 433.9 MiB)
26/07/03 08:13:33 INFO MemoryStore: Block broadcast_5_piece0 stored as bytes in memory (estimated size 18.9 KiB, free 433.9 MiB)
26/07/03 08:13:33 INFO BlockManagerInfo: Added broadcast_5_piece0 in memory on 064b77ed9c92:46877 (size: 18.9 KiB, free: 434.3 MiB)
26/07/03 08:13:33 INFO SparkContext: Created broadcast 5 from broadcast at DAGScheduler.scala:1611
26/07/03 08:13:33 INFO DAGScheduler: Submitting 2 missing tasks from ShuffleMapStage 4 (MapPartitionsRDD[14] at show at MetadataNormalizer.java:116) (first 15 tasks are for partitions Vector(0, 1))
26/07/03 08:13:33 INFO TaskSchedulerImpl: Adding task set 4.0 with 2 tasks resource profile 0
26/07/03 08:13:33 INFO TaskSetManager: Starting task 0.0 in stage 4.0 (TID 4) (064b77ed9c92, executor driver, partition 0, PROCESS_LOCAL, 9890 bytes) 
26/07/03 08:13:33 INFO TaskSetManager: Starting task 1.0 in stage 4.0 (TID 5) (064b77ed9c92, executor driver, partition 1, PROCESS_LOCAL, 9890 bytes) 
26/07/03 08:13:33 INFO Executor: Running task 0.0 in stage 4.0 (TID 4)
26/07/03 08:13:33 INFO Executor: Running task 1.0 in stage 4.0 (TID 5)
26/07/03 08:13:34 INFO CodeGenerator: Code generated in 4.538166 ms
26/07/03 08:13:34 INFO CodeGenerator: Code generated in 4.76625 ms
26/07/03 08:13:34 INFO CodeGenerator: Code generated in 18.117541 ms
26/07/03 08:13:34 INFO FileScanRDD: Reading File path: file:///recon-local/java-fixtures/pass/root_a/timestampcolumn=2026-07-01/part-00000-0ac16dc4-1f38-414a-bad9-0c72fbef13d2-c000.snappy.parquet, range: 0-907, partition values: [empty row]
26/07/03 08:13:34 INFO FileScanRDD: Reading File path: file:///recon-local/java-fixtures/pass/root_b/timestampcolumn=2026-07-01/part-00000-2ae42966-6bdd-4652-8548-e2fb50dfd822-c000.snappy.parquet, range: 0-897, partition values: [empty row]
26/07/03 08:13:34 INFO CodecPool: Got brand-new decompressor [.snappy]
26/07/03 08:13:34 INFO CodecPool: Got brand-new decompressor [.snappy]
26/07/03 08:13:34 INFO Executor: Finished task 1.0 in stage 4.0 (TID 5). 2192 bytes result sent to driver
26/07/03 08:13:34 INFO Executor: Finished task 0.0 in stage 4.0 (TID 4). 2192 bytes result sent to driver
26/07/03 08:13:34 INFO TaskSetManager: Finished task 0.0 in stage 4.0 (TID 4) in 128 ms on 064b77ed9c92 (executor driver) (1/2)
26/07/03 08:13:34 INFO TaskSetManager: Finished task 1.0 in stage 4.0 (TID 5) in 128 ms on 064b77ed9c92 (executor driver) (2/2)
26/07/03 08:13:34 INFO TaskSchedulerImpl: Removed TaskSet 4.0, whose tasks have all completed, from pool 
26/07/03 08:13:34 INFO DAGScheduler: ShuffleMapStage 4 (show at MetadataNormalizer.java:116) finished in 0.139 s
26/07/03 08:13:34 INFO DAGScheduler: looking for newly runnable stages
26/07/03 08:13:34 INFO DAGScheduler: running: Set()
26/07/03 08:13:34 INFO DAGScheduler: waiting: Set()
26/07/03 08:13:34 INFO DAGScheduler: failed: Set()
26/07/03 08:13:34 INFO BlockManagerInfo: Removed broadcast_5_piece0 on 064b77ed9c92:46877 in memory (size: 18.9 KiB, free: 434.3 MiB)
26/07/03 08:13:34 INFO BlockManagerInfo: Removed broadcast_1_piece0 on 064b77ed9c92:46877 in memory (size: 35.0 KiB, free: 434.4 MiB)
26/07/03 08:13:34 INFO CodeGenerator: Code generated in 9.980959 ms
26/07/03 08:13:34 INFO SparkContext: Starting job: show at MetadataNormalizer.java:116
26/07/03 08:13:34 INFO DAGScheduler: Got job 4 (show at MetadataNormalizer.java:116) with 1 output partitions
26/07/03 08:13:34 INFO DAGScheduler: Final stage: ResultStage 6 (show at MetadataNormalizer.java:116)
26/07/03 08:13:34 INFO DAGScheduler: Parents of final stage: List(ShuffleMapStage 5)
26/07/03 08:13:34 INFO DAGScheduler: Missing parents: List()
26/07/03 08:13:34 INFO DAGScheduler: Submitting ResultStage 6 (MapPartitionsRDD[17] at show at MetadataNormalizer.java:116), which has no missing parents
26/07/03 08:13:34 INFO MemoryStore: Block broadcast_6 stored as values in memory (estimated size 27.1 KiB, free 434.1 MiB)
26/07/03 08:13:34 INFO MemoryStore: Block broadcast_6_piece0 stored as bytes in memory (estimated size 9.3 KiB, free 434.1 MiB)
26/07/03 08:13:34 INFO BlockManagerInfo: Added broadcast_6_piece0 in memory on 064b77ed9c92:46877 (size: 9.3 KiB, free: 434.4 MiB)
26/07/03 08:13:34 INFO SparkContext: Created broadcast 6 from broadcast at DAGScheduler.scala:1611
26/07/03 08:13:34 INFO DAGScheduler: Submitting 1 missing tasks from ResultStage 6 (MapPartitionsRDD[17] at show at MetadataNormalizer.java:116) (first 15 tasks are for partitions Vector(0))
26/07/03 08:13:34 INFO TaskSchedulerImpl: Adding task set 6.0 with 1 tasks resource profile 0
26/07/03 08:13:34 INFO TaskSetManager: Starting task 0.0 in stage 6.0 (TID 6) (064b77ed9c92, executor driver, partition 0, NODE_LOCAL, 9198 bytes) 
26/07/03 08:13:34 INFO Executor: Running task 0.0 in stage 6.0 (TID 6)
26/07/03 08:13:34 INFO ShuffleBlockFetcherIterator: Getting 2 (144.0 B) non-empty blocks including 2 (144.0 B) local and 0 (0.0 B) host-local and 0 (0.0 B) push-merged-local and 0 (0.0 B) remote blocks
26/07/03 08:13:34 INFO ShuffleBlockFetcherIterator: Started 0 remote fetches in 0 ms
26/07/03 08:13:34 INFO CodeGenerator: Code generated in 9.215542 ms
26/07/03 08:13:34 INFO Executor: Finished task 0.0 in stage 6.0 (TID 6). 4040 bytes result sent to driver
26/07/03 08:13:34 INFO TaskSetManager: Finished task 0.0 in stage 6.0 (TID 6) in 17 ms on 064b77ed9c92 (executor driver) (1/1)
26/07/03 08:13:34 INFO TaskSchedulerImpl: Removed TaskSet 6.0, whose tasks have all completed, from pool 
26/07/03 08:13:34 INFO DAGScheduler: ResultStage 6 (show at MetadataNormalizer.java:116) finished in 0.021 s
26/07/03 08:13:34 INFO DAGScheduler: Job 4 is finished. Cancelling potential speculative or zombie tasks for this job
26/07/03 08:13:34 INFO TaskSchedulerImpl: Killing all running tasks in stage 6: Stage finished
26/07/03 08:13:34 INFO DAGScheduler: Job 4 finished: show at MetadataNormalizer.java:116, took 0.025006 s
26/07/03 08:13:34 INFO CodeGenerator: Code generated in 4.033125 ms
26/07/03 08:13:34 INFO FileSourceStrategy: Pushed Filters: 
26/07/03 08:13:34 INFO FileSourceStrategy: Post-Scan Filters: 
26/07/03 08:13:34 INFO BlockManagerInfo: Removed broadcast_6_piece0 on 064b77ed9c92:46877 in memory (size: 9.3 KiB, free: 434.4 MiB)
26/07/03 08:13:34 INFO BlockManagerInfo: Removed broadcast_4_piece0 on 064b77ed9c92:46877 in memory (size: 35.1 KiB, free: 434.4 MiB)
26/07/03 08:13:34 INFO MemoryStore: Block broadcast_7 stored as values in memory (estimated size 201.8 KiB, free 434.2 MiB)
26/07/03 08:13:34 INFO MemoryStore: Block broadcast_7_piece0 stored as bytes in memory (estimated size 35.1 KiB, free 434.2 MiB)
26/07/03 08:13:34 INFO BlockManagerInfo: Added broadcast_7_piece0 in memory on 064b77ed9c92:46877 (size: 35.1 KiB, free: 434.4 MiB)
26/07/03 08:13:34 INFO SparkContext: Created broadcast 7 from collectAsList at MetadataNormalizer.java:119
26/07/03 08:13:34 INFO FileSourceScanExec: Planning scan with bin packing, max size: 4194304 bytes, open cost is considered as scanning 4194304 bytes.
26/07/03 08:13:34 INFO DAGScheduler: Registering RDD 23 (collectAsList at MetadataNormalizer.java:119) as input to shuffle 2
26/07/03 08:13:34 INFO DAGScheduler: Got map stage job 5 (collectAsList at MetadataNormalizer.java:119) with 2 output partitions
26/07/03 08:13:34 INFO DAGScheduler: Final stage: ShuffleMapStage 7 (collectAsList at MetadataNormalizer.java:119)
26/07/03 08:13:34 INFO DAGScheduler: Parents of final stage: List()
26/07/03 08:13:34 INFO DAGScheduler: Missing parents: List()
26/07/03 08:13:34 INFO DAGScheduler: Submitting ShuffleMapStage 7 (MapPartitionsRDD[23] at collectAsList at MetadataNormalizer.java:119), which has no missing parents
26/07/03 08:13:34 INFO MemoryStore: Block broadcast_8 stored as values in memory (estimated size 51.6 KiB, free 434.1 MiB)
26/07/03 08:13:34 INFO MemoryStore: Block broadcast_8_piece0 stored as bytes in memory (estimated size 18.9 KiB, free 434.1 MiB)
26/07/03 08:13:34 INFO BlockManagerInfo: Added broadcast_8_piece0 in memory on 064b77ed9c92:46877 (size: 18.9 KiB, free: 434.3 MiB)
26/07/03 08:13:34 INFO SparkContext: Created broadcast 8 from broadcast at DAGScheduler.scala:1611
26/07/03 08:13:34 INFO DAGScheduler: Submitting 2 missing tasks from ShuffleMapStage 7 (MapPartitionsRDD[23] at collectAsList at MetadataNormalizer.java:119) (first 15 tasks are for partitions Vector(0, 1))
26/07/03 08:13:34 INFO TaskSchedulerImpl: Adding task set 7.0 with 2 tasks resource profile 0
26/07/03 08:13:34 INFO TaskSetManager: Starting task 0.0 in stage 7.0 (TID 7) (064b77ed9c92, executor driver, partition 0, PROCESS_LOCAL, 9890 bytes) 
26/07/03 08:13:34 INFO TaskSetManager: Starting task 1.0 in stage 7.0 (TID 8) (064b77ed9c92, executor driver, partition 1, PROCESS_LOCAL, 9890 bytes) 
26/07/03 08:13:34 INFO Executor: Running task 1.0 in stage 7.0 (TID 8)
26/07/03 08:13:34 INFO Executor: Running task 0.0 in stage 7.0 (TID 7)
26/07/03 08:13:34 INFO FileScanRDD: Reading File path: file:///recon-local/java-fixtures/pass/root_a/timestampcolumn=2026-07-01/part-00000-0ac16dc4-1f38-414a-bad9-0c72fbef13d2-c000.snappy.parquet, range: 0-907, partition values: [empty row]
26/07/03 08:13:34 INFO FileScanRDD: Reading File path: file:///recon-local/java-fixtures/pass/root_b/timestampcolumn=2026-07-01/part-00000-2ae42966-6bdd-4652-8548-e2fb50dfd822-c000.snappy.parquet, range: 0-897, partition values: [empty row]
26/07/03 08:13:34 INFO Executor: Finished task 1.0 in stage 7.0 (TID 8). 2192 bytes result sent to driver
26/07/03 08:13:34 INFO TaskSetManager: Finished task 1.0 in stage 7.0 (TID 8) in 16 ms on 064b77ed9c92 (executor driver) (1/2)
26/07/03 08:13:34 INFO Executor: Finished task 0.0 in stage 7.0 (TID 7). 2192 bytes result sent to driver
26/07/03 08:13:34 INFO TaskSetManager: Finished task 0.0 in stage 7.0 (TID 7) in 18 ms on 064b77ed9c92 (executor driver) (2/2)
26/07/03 08:13:34 INFO TaskSchedulerImpl: Removed TaskSet 7.0, whose tasks have all completed, from pool 
26/07/03 08:13:34 INFO DAGScheduler: ShuffleMapStage 7 (collectAsList at MetadataNormalizer.java:119) finished in 0.023 s
26/07/03 08:13:34 INFO DAGScheduler: looking for newly runnable stages
26/07/03 08:13:34 INFO DAGScheduler: running: Set()
26/07/03 08:13:34 INFO DAGScheduler: waiting: Set()
26/07/03 08:13:34 INFO DAGScheduler: failed: Set()
26/07/03 08:13:34 INFO CodeGenerator: Code generated in 6.753584 ms
26/07/03 08:13:34 INFO SparkContext: Starting job: collectAsList at MetadataNormalizer.java:119
26/07/03 08:13:34 INFO DAGScheduler: Got job 6 (collectAsList at MetadataNormalizer.java:119) with 1 output partitions
26/07/03 08:13:34 INFO DAGScheduler: Final stage: ResultStage 9 (collectAsList at MetadataNormalizer.java:119)
26/07/03 08:13:34 INFO DAGScheduler: Parents of final stage: List(ShuffleMapStage 8)
26/07/03 08:13:34 INFO DAGScheduler: Missing parents: List()
26/07/03 08:13:34 INFO DAGScheduler: Submitting ResultStage 9 (MapPartitionsRDD[26] at collectAsList at MetadataNormalizer.java:119), which has no missing parents
26/07/03 08:13:34 INFO MemoryStore: Block broadcast_9 stored as values in memory (estimated size 26.1 KiB, free 434.1 MiB)
26/07/03 08:13:34 INFO MemoryStore: Block broadcast_9_piece0 stored as bytes in memory (estimated size 9.1 KiB, free 434.1 MiB)
26/07/03 08:13:34 INFO BlockManagerInfo: Added broadcast_9_piece0 in memory on 064b77ed9c92:46877 (size: 9.1 KiB, free: 434.3 MiB)
26/07/03 08:13:34 INFO SparkContext: Created broadcast 9 from broadcast at DAGScheduler.scala:1611
26/07/03 08:13:34 INFO DAGScheduler: Submitting 1 missing tasks from ResultStage 9 (MapPartitionsRDD[26] at collectAsList at MetadataNormalizer.java:119) (first 15 tasks are for partitions Vector(0))
26/07/03 08:13:34 INFO TaskSchedulerImpl: Adding task set 9.0 with 1 tasks resource profile 0
26/07/03 08:13:34 INFO TaskSetManager: Starting task 0.0 in stage 9.0 (TID 9) (064b77ed9c92, executor driver, partition 0, NODE_LOCAL, 9198 bytes) 
26/07/03 08:13:34 INFO Executor: Running task 0.0 in stage 9.0 (TID 9)
26/07/03 08:13:34 INFO ShuffleBlockFetcherIterator: Getting 2 (144.0 B) non-empty blocks including 2 (144.0 B) local and 0 (0.0 B) host-local and 0 (0.0 B) push-merged-local and 0 (0.0 B) remote blocks
26/07/03 08:13:34 INFO ShuffleBlockFetcherIterator: Started 0 remote fetches in 0 ms
26/07/03 08:13:34 INFO CodeGenerator: Code generated in 5.839625 ms
26/07/03 08:13:34 INFO Executor: Finished task 0.0 in stage 9.0 (TID 9). 3999 bytes result sent to driver
26/07/03 08:13:34 INFO TaskSetManager: Finished task 0.0 in stage 9.0 (TID 9) in 13 ms on 064b77ed9c92 (executor driver) (1/1)
26/07/03 08:13:34 INFO TaskSchedulerImpl: Removed TaskSet 9.0, whose tasks have all completed, from pool 
26/07/03 08:13:34 INFO DAGScheduler: ResultStage 9 (collectAsList at MetadataNormalizer.java:119) finished in 0.017 s
26/07/03 08:13:34 INFO DAGScheduler: Job 6 is finished. Cancelling potential speculative or zombie tasks for this job
26/07/03 08:13:34 INFO TaskSchedulerImpl: Killing all running tasks in stage 9: Stage finished
26/07/03 08:13:34 INFO DAGScheduler: Job 6 finished: collectAsList at MetadataNormalizer.java:119, took 0.020652 s
26/07/03 08:13:34 INFO CodeGenerator: Code generated in 3.155875 ms
26/07/03 08:13:34 INFO FileSourceStrategy: Pushed Filters: 
26/07/03 08:13:34 INFO FileSourceStrategy: Post-Scan Filters: 
[recon] ERROR: Failed to write normalized offsets to file:///recon-local/java-fixtures/cache/normalized_offsets: AnalysisException: [PATH_ALREADY_EXISTS] Path file:/recon-local/java-fixtures/cache/normalized_offsets already exists. Set mode as "overwrite" to overwrite the existing path.
26/07/03 08:13:34 INFO SparkContext: SparkContext is stopping with exitCode 0.
26/07/03 08:13:34 INFO SparkUI: Stopped Spark web UI at http://064b77ed9c92:4040
26/07/03 08:13:34 INFO MapOutputTrackerMasterEndpoint: MapOutputTrackerMasterEndpoint stopped!
26/07/03 08:13:34 INFO MemoryStore: MemoryStore cleared
26/07/03 08:13:34 INFO BlockManager: BlockManager stopped
26/07/03 08:13:34 INFO BlockManagerMaster: BlockManagerMaster stopped
26/07/03 08:13:34 INFO OutputCommitCoordinator$OutputCommitCoordinatorEndpoint: OutputCommitCoordinator stopped!
26/07/03 08:13:34 INFO SparkContext: Successfully stopped SparkContext
26/07/03 08:13:34 INFO ShutdownHookManager: Shutdown hook called
26/07/03 08:13:34 INFO ShutdownHookManager: Deleting directory /tmp/spark-aa325d3b-d9ec-4850-b1fe-d62032dd9b7c
26/07/03 08:13:34 INFO ShutdownHookManager: Deleting directory /tmp/spark-c9317d33-bc50-4480-b22b-bfcfa6215a71
