[recon] resolved_configuration_begin
[recon] recon.inputRoots=/recon-local/java-fixtures/pass/root_a,/recon-local/java-fixtures/pass/root_b
[recon] recon.metadataColumn=cactus__metadata
[recon] recon.datePartitionColumn=timestampcolumn
[recon] recon.runDate=2026-07-02
[recon] recon.runDateSource=spark_conf:recon.runDate
[recon] recon.normalizedOffsetsPath=file:///recon-local/java-fixtures/cache/normalized_offsets
[recon] recon.normalizedOffsetsOverwrite=false
[recon] recon.failOnInvalidRows=true
[recon] recon.failOnGaps=true
[recon] recon.missingOffsetsLimit=1000
[recon] recon.exitOnCompletion=true
[recon] resolved_configuration_end
[recon] partition_scan_begin
[recon] root=/recon-local/java-fixtures/pass/root_a
[recon] root=/recon-local/java-fixtures/pass/root_a eligible_count=1
[recon] eligible_path root=/recon-local/java-fixtures/pass/root_a date=2026-07-01 path=file:/recon-local/java-fixtures/pass/root_a/timestampcolumn=2026-07-01
[recon] root=/recon-local/java-fixtures/pass/root_b
[recon] root=/recon-local/java-fixtures/pass/root_b eligible_count=1
[recon] eligible_path root=/recon-local/java-fixtures/pass/root_b date=2026-07-01 path=file:/recon-local/java-fixtures/pass/root_b/timestampcolumn=2026-07-01
[recon] partition_scan_end
[recon] eligible_path_count=2
[recon] eligible_row_count=6
[recon] metadata_quality_begin
+------------------+----------------------+--------------------+-----------------------+--------------------+---------------------------+------------------------+-----------------+----------------------+
|eligible_row_count|missing_metadata_count|malformed_json_count|missing_partition_count|missing_offset_count|non_numeric_partition_count|non_numeric_offset_count|invalid_row_count|valid_offset_row_count|
+------------------+----------------------+--------------------+-----------------------+--------------------+---------------------------+------------------------+-----------------+----------------------+
|6                 |0                     |0                   |0                      |0                   |0                          |0                       |0                |6                     |
+------------------+----------------------+--------------------+-----------------------+--------------------+---------------------------+------------------------+-----------------+----------------------+

[recon] metadata_quality_end
[recon] valid_offset_row_count=6
[recon] normalized_offsets_persisted=true path=file:///recon-local/java-fixtures/cache/normalized_offsets mode=ErrorIfExists
[recon] RESULT: FAIL Failed to write normalized offsets to file:///recon-local/java-fixtures/cache/normalized_offsets: AnalysisException: [PATH_ALREADY_EXISTS] Path file:/recon-local/java-fixtures/cache/normalized_offsets already exists. Set mode as "overwrite" to overwrite the existing path.
