[recon] resolved_configuration_begin
[recon] recon.inputRoots=/recon-local/java-fixtures/empty/no_eligible/root_a
[recon] recon.metadataColumn=cactus__metadata
[recon] recon.datePartitionColumn=timestampcolumn
[recon] recon.runDate=2026-07-02
[recon] recon.runDateSource=spark_conf:recon.runDate
[recon] recon.normalizedOffsetsPath=<none>
[recon] recon.normalizedOffsetsOverwrite=true
[recon] recon.failOnInvalidRows=true
[recon] recon.failOnGaps=true
[recon] recon.missingOffsetsLimit=1000
[recon] recon.exitOnCompletion=true
[recon] resolved_configuration_end
[recon] partition_scan_begin
[recon] root=/recon-local/java-fixtures/empty/no_eligible/root_a
[recon] root=/recon-local/java-fixtures/empty/no_eligible/root_a eligible_count=0
[recon] ignored_invalid_date_path root=/recon-local/java-fixtures/empty/no_eligible/root_a path=file:/recon-local/java-fixtures/empty/no_eligible/root_a/timestampcolumn=not-a-date
[recon] ignored_non_matching_path root=/recon-local/java-fixtures/empty/no_eligible/root_a path=file:/recon-local/java-fixtures/empty/no_eligible/root_a/misc=2026-07-01
[recon] partition_scan_end
[recon] RESULT: FAIL No eligible old date partition directories found
