26/07/03 08:13:47 INFO SparkContext: Running Spark version 3.5.6
26/07/03 08:13:47 INFO SparkContext: OS info Linux, 6.12.76-linuxkit, aarch64
26/07/03 08:13:47 INFO SparkContext: Java version 11.0.27
26/07/03 08:13:47 WARN NativeCodeLoader: Unable to load native-hadoop library for your platform... using builtin-java classes where applicable
26/07/03 08:13:47 INFO ResourceUtils: ==============================================================
26/07/03 08:13:47 INFO ResourceUtils: No custom resources configured for spark.driver.
26/07/03 08:13:47 INFO ResourceUtils: ==============================================================
26/07/03 08:13:47 INFO SparkContext: Submitted application: Kafka Offset Gap Checker
26/07/03 08:13:47 INFO ResourceProfile: Default ResourceProfile created, executor resources: Map(cores -> name: cores, amount: 1, script: , vendor: , memory -> name: memory, amount: 1024, script: , vendor: , offHeap -> name: offHeap, amount: 0, script: , vendor: ), task resources: Map(cpus -> name: cpus, amount: 1.0)
26/07/03 08:13:47 INFO ResourceProfile: Limiting resource is cpu
26/07/03 08:13:47 INFO ResourceProfileManager: Added ResourceProfile id: 0
26/07/03 08:13:47 INFO SecurityManager: Changing view acls to: spark
26/07/03 08:13:47 INFO SecurityManager: Changing modify acls to: spark
26/07/03 08:13:47 INFO SecurityManager: Changing view acls groups to: 
26/07/03 08:13:47 INFO SecurityManager: Changing modify acls groups to: 
26/07/03 08:13:47 INFO SecurityManager: SecurityManager: authentication disabled; ui acls disabled; users with view permissions: spark; groups with view permissions: EMPTY; users with modify permissions: spark; groups with modify permissions: EMPTY
26/07/03 08:13:47 INFO Utils: Successfully started service 'sparkDriver' on port 45239.
26/07/03 08:13:47 INFO SparkEnv: Registering MapOutputTracker
26/07/03 08:13:47 INFO SparkEnv: Registering BlockManagerMaster
26/07/03 08:13:47 INFO BlockManagerMasterEndpoint: Using org.apache.spark.storage.DefaultTopologyMapper for getting topology information
26/07/03 08:13:47 INFO BlockManagerMasterEndpoint: BlockManagerMasterEndpoint up
26/07/03 08:13:47 INFO SparkEnv: Registering BlockManagerMasterHeartbeat
26/07/03 08:13:47 INFO DiskBlockManager: Created local directory at /tmp/blockmgr-df5a0ca1-5acb-4212-b1a4-24ea629a007e
26/07/03 08:13:47 INFO MemoryStore: MemoryStore started with capacity 434.4 MiB
26/07/03 08:13:47 INFO SparkEnv: Registering OutputCommitCoordinator
26/07/03 08:13:47 INFO JettyUtils: Start Jetty 0.0.0.0:4040 for SparkUI
26/07/03 08:13:47 INFO Utils: Successfully started service 'SparkUI' on port 4040.
26/07/03 08:13:47 INFO SparkContext: Added JAR file:/workspace/build/libs/recon-kafka-offset-gap-checker-1.0.0.jar at spark://064b77ed9c92:45239/jars/recon-kafka-offset-gap-checker-1.0.0.jar with timestamp 1783066427603
26/07/03 08:13:47 INFO Executor: Starting executor ID driver on host 064b77ed9c92
26/07/03 08:13:47 INFO Executor: OS info Linux, 6.12.76-linuxkit, aarch64
26/07/03 08:13:47 INFO Executor: Java version 11.0.27
26/07/03 08:13:47 INFO Executor: Starting executor with user classpath (userClassPathFirst = false): ''
26/07/03 08:13:47 INFO Executor: Created or updated repl class loader org.apache.spark.util.MutableURLClassLoader@29b40b3 for default.
26/07/03 08:13:47 INFO Executor: Fetching spark://064b77ed9c92:45239/jars/recon-kafka-offset-gap-checker-1.0.0.jar with timestamp 1783066427603
26/07/03 08:13:47 INFO TransportClientFactory: Successfully created connection to 064b77ed9c92/172.17.0.2:45239 after 10 ms (0 ms spent in bootstraps)
26/07/03 08:13:47 INFO Utils: Fetching spark://064b77ed9c92:45239/jars/recon-kafka-offset-gap-checker-1.0.0.jar to /tmp/spark-1807c24f-afd1-4895-a784-2c59c7360235/userFiles-ae80dd89-f111-4922-a795-bb75dbf7c205/fetchFileTemp524755533933277047.tmp
26/07/03 08:13:47 INFO Executor: Adding file:/tmp/spark-1807c24f-afd1-4895-a784-2c59c7360235/userFiles-ae80dd89-f111-4922-a795-bb75dbf7c205/recon-kafka-offset-gap-checker-1.0.0.jar to class loader default
26/07/03 08:13:47 INFO Utils: Successfully started service 'org.apache.spark.network.netty.NettyBlockTransferService' on port 45907.
26/07/03 08:13:47 INFO NettyBlockTransferService: Server created on 064b77ed9c92:45907
26/07/03 08:13:47 INFO BlockManager: Using org.apache.spark.storage.RandomBlockReplicationPolicy for block replication policy
26/07/03 08:13:47 INFO BlockManagerMaster: Registering BlockManager BlockManagerId(driver, 064b77ed9c92, 45907, None)
26/07/03 08:13:47 INFO BlockManagerMasterEndpoint: Registering block manager 064b77ed9c92:45907 with 434.4 MiB RAM, BlockManagerId(driver, 064b77ed9c92, 45907, None)
26/07/03 08:13:47 INFO BlockManagerMaster: Registered BlockManager BlockManagerId(driver, 064b77ed9c92, 45907, None)
26/07/03 08:13:47 INFO BlockManager: Initialized BlockManager: BlockManagerId(driver, 064b77ed9c92, 45907, None)
26/07/03 08:13:48 INFO SharedState: Setting hive.metastore.warehouse.dir ('null') to the value of spark.sql.warehouse.dir.
26/07/03 08:13:48 INFO SharedState: Warehouse path is 'file:/workspace/spark-warehouse'.
26/07/03 08:13:48 INFO InMemoryFileIndex: It took 14 ms to list leaf files for 1 paths.
26/07/03 08:13:48 INFO SparkContext: Starting job: parquet at MetadataNormalizer.java:40
26/07/03 08:13:48 INFO DAGScheduler: Got job 0 (parquet at MetadataNormalizer.java:40) with 1 output partitions
26/07/03 08:13:48 INFO DAGScheduler: Final stage: ResultStage 0 (parquet at MetadataNormalizer.java:40)
26/07/03 08:13:48 INFO DAGScheduler: Parents of final stage: List()
26/07/03 08:13:48 INFO DAGScheduler: Missing parents: List()
26/07/03 08:13:48 INFO DAGScheduler: Submitting ResultStage 0 (MapPartitionsRDD[1] at parquet at MetadataNormalizer.java:40), which has no missing parents
26/07/03 08:13:48 INFO MemoryStore: Block broadcast_0 stored as values in memory (estimated size 103.6 KiB, free 434.3 MiB)
26/07/03 08:13:48 INFO MemoryStore: Block broadcast_0_piece0 stored as bytes in memory (estimated size 37.4 KiB, free 434.3 MiB)
26/07/03 08:13:48 INFO BlockManagerInfo: Added broadcast_0_piece0 in memory on 064b77ed9c92:45907 (size: 37.4 KiB, free: 434.4 MiB)
26/07/03 08:13:48 INFO SparkContext: Created broadcast 0 from broadcast at DAGScheduler.scala:1611
26/07/03 08:13:48 INFO DAGScheduler: Submitting 1 missing tasks from ResultStage 0 (MapPartitionsRDD[1] at parquet at MetadataNormalizer.java:40) (first 15 tasks are for partitions Vector(0))
26/07/03 08:13:48 INFO TaskSchedulerImpl: Adding task set 0.0 with 1 tasks resource profile 0
26/07/03 08:13:48 INFO TaskSetManager: Starting task 0.0 in stage 0.0 (TID 0) (064b77ed9c92, executor driver, partition 0, PROCESS_LOCAL, 9415 bytes) 
26/07/03 08:13:48 INFO Executor: Running task 0.0 in stage 0.0 (TID 0)
26/07/03 08:13:48 INFO Executor: Finished task 0.0 in stage 0.0 (TID 0). 1712 bytes result sent to driver
26/07/03 08:13:48 INFO TaskSetManager: Finished task 0.0 in stage 0.0 (TID 0) in 140 ms on 064b77ed9c92 (executor driver) (1/1)
26/07/03 08:13:48 INFO TaskSchedulerImpl: Removed TaskSet 0.0, whose tasks have all completed, from pool 
26/07/03 08:13:48 INFO DAGScheduler: ResultStage 0 (parquet at MetadataNormalizer.java:40) finished in 0.195 s
26/07/03 08:13:48 INFO DAGScheduler: Job 0 is finished. Cancelling potential speculative or zombie tasks for this job
26/07/03 08:13:48 INFO TaskSchedulerImpl: Killing all running tasks in stage 0: Stage finished
26/07/03 08:13:48 INFO DAGScheduler: Job 0 finished: parquet at MetadataNormalizer.java:40, took 0.208299 s
26/07/03 08:13:48 INFO BlockManagerInfo: Removed broadcast_0_piece0 on 064b77ed9c92:45907 in memory (size: 37.4 KiB, free: 434.4 MiB)
26/07/03 08:13:49 INFO FileSourceStrategy: Pushed Filters: 
26/07/03 08:13:49 INFO FileSourceStrategy: Post-Scan Filters: 
26/07/03 08:13:49 INFO CodeGenerator: Code generated in 69.215125 ms
26/07/03 08:13:49 INFO MemoryStore: Block broadcast_1 stored as values in memory (estimated size 201.2 KiB, free 434.2 MiB)
26/07/03 08:13:49 INFO MemoryStore: Block broadcast_1_piece0 stored as bytes in memory (estimated size 35.0 KiB, free 434.2 MiB)
26/07/03 08:13:49 INFO BlockManagerInfo: Added broadcast_1_piece0 in memory on 064b77ed9c92:45907 (size: 35.0 KiB, free: 434.4 MiB)
26/07/03 08:13:49 INFO SparkContext: Created broadcast 1 from count at MetadataNormalizer.java:48
26/07/03 08:13:49 INFO FileSourceScanExec: Planning scan with bin packing, max size: 4194304 bytes, open cost is considered as scanning 4194304 bytes.
26/07/03 08:13:49 INFO DAGScheduler: Registering RDD 5 (count at MetadataNormalizer.java:48) as input to shuffle 0
26/07/03 08:13:49 INFO DAGScheduler: Got map stage job 1 (count at MetadataNormalizer.java:48) with 1 output partitions
26/07/03 08:13:49 INFO DAGScheduler: Final stage: ShuffleMapStage 1 (count at MetadataNormalizer.java:48)
26/07/03 08:13:49 INFO DAGScheduler: Parents of final stage: List()
26/07/03 08:13:49 INFO DAGScheduler: Missing parents: List()
26/07/03 08:13:49 INFO DAGScheduler: Submitting ShuffleMapStage 1 (MapPartitionsRDD[5] at count at MetadataNormalizer.java:48), which has no missing parents
26/07/03 08:13:49 INFO MemoryStore: Block broadcast_2 stored as values in memory (estimated size 17.0 KiB, free 434.2 MiB)
26/07/03 08:13:49 INFO MemoryStore: Block broadcast_2_piece0 stored as bytes in memory (estimated size 7.8 KiB, free 434.1 MiB)
26/07/03 08:13:49 INFO BlockManagerInfo: Added broadcast_2_piece0 in memory on 064b77ed9c92:45907 (size: 7.8 KiB, free: 434.4 MiB)
26/07/03 08:13:49 INFO SparkContext: Created broadcast 2 from broadcast at DAGScheduler.scala:1611
26/07/03 08:13:49 INFO DAGScheduler: Submitting 1 missing tasks from ShuffleMapStage 1 (MapPartitionsRDD[5] at count at MetadataNormalizer.java:48) (first 15 tasks are for partitions Vector(0))
26/07/03 08:13:49 INFO TaskSchedulerImpl: Adding task set 1.0 with 1 tasks resource profile 0
26/07/03 08:13:49 INFO TaskSetManager: Starting task 0.0 in stage 1.0 (TID 1) (064b77ed9c92, executor driver, partition 0, PROCESS_LOCAL, 9911 bytes) 
26/07/03 08:13:49 INFO Executor: Running task 0.0 in stage 1.0 (TID 1)
26/07/03 08:13:49 INFO CodeGenerator: Code generated in 7.765875 ms
26/07/03 08:13:49 INFO FileScanRDD: Reading File path: file:///recon-local/java-fixtures/invalid/missing_partition/root_a/timestampcolumn=2026-07-01/part-00000-f540b1b3-8d2e-44ad-b6a1-fa3dc138936b-c000.snappy.parquet, range: 0-859, partition values: [empty row]
26/07/03 08:13:49 INFO Executor: Finished task 0.0 in stage 1.0 (TID 1). 2136 bytes result sent to driver
26/07/03 08:13:49 INFO TaskSetManager: Finished task 0.0 in stage 1.0 (TID 1) in 66 ms on 064b77ed9c92 (executor driver) (1/1)
26/07/03 08:13:49 INFO TaskSchedulerImpl: Removed TaskSet 1.0, whose tasks have all completed, from pool 
26/07/03 08:13:49 INFO DAGScheduler: ShuffleMapStage 1 (count at MetadataNormalizer.java:48) finished in 0.084 s
26/07/03 08:13:49 INFO DAGScheduler: looking for newly runnable stages
26/07/03 08:13:49 INFO DAGScheduler: running: Set()
26/07/03 08:13:49 INFO DAGScheduler: waiting: Set()
26/07/03 08:13:49 INFO DAGScheduler: failed: Set()
26/07/03 08:13:49 INFO CodeGenerator: Code generated in 5.56475 ms
26/07/03 08:13:49 INFO SparkContext: Starting job: count at MetadataNormalizer.java:48
26/07/03 08:13:49 INFO DAGScheduler: Got job 2 (count at MetadataNormalizer.java:48) with 1 output partitions
26/07/03 08:13:49 INFO DAGScheduler: Final stage: ResultStage 3 (count at MetadataNormalizer.java:48)
26/07/03 08:13:49 INFO DAGScheduler: Parents of final stage: List(ShuffleMapStage 2)
26/07/03 08:13:49 INFO DAGScheduler: Missing parents: List()
26/07/03 08:13:49 INFO DAGScheduler: Submitting ResultStage 3 (MapPartitionsRDD[8] at count at MetadataNormalizer.java:48), which has no missing parents
26/07/03 08:13:49 INFO MemoryStore: Block broadcast_3 stored as values in memory (estimated size 12.5 KiB, free 434.1 MiB)
26/07/03 08:13:49 INFO MemoryStore: Block broadcast_3_piece0 stored as bytes in memory (estimated size 5.9 KiB, free 434.1 MiB)
26/07/03 08:13:49 INFO BlockManagerInfo: Added broadcast_3_piece0 in memory on 064b77ed9c92:45907 (size: 5.9 KiB, free: 434.4 MiB)
26/07/03 08:13:49 INFO SparkContext: Created broadcast 3 from broadcast at DAGScheduler.scala:1611
26/07/03 08:13:49 INFO DAGScheduler: Submitting 1 missing tasks from ResultStage 3 (MapPartitionsRDD[8] at count at MetadataNormalizer.java:48) (first 15 tasks are for partitions Vector(0))
26/07/03 08:13:49 INFO TaskSchedulerImpl: Adding task set 3.0 with 1 tasks resource profile 0
26/07/03 08:13:49 INFO TaskSetManager: Starting task 0.0 in stage 3.0 (TID 2) (064b77ed9c92, executor driver, partition 0, NODE_LOCAL, 9198 bytes) 
26/07/03 08:13:49 INFO Executor: Running task 0.0 in stage 3.0 (TID 2)
26/07/03 08:13:49 INFO ShuffleBlockFetcherIterator: Getting 1 (60.0 B) non-empty blocks including 1 (60.0 B) local and 0 (0.0 B) host-local and 0 (0.0 B) push-merged-local and 0 (0.0 B) remote blocks
26/07/03 08:13:49 INFO ShuffleBlockFetcherIterator: Started 0 remote fetches in 2 ms
26/07/03 08:13:49 INFO CodeGenerator: Code generated in 4.423542 ms
26/07/03 08:13:49 INFO Executor: Finished task 0.0 in stage 3.0 (TID 2). 3995 bytes result sent to driver
26/07/03 08:13:49 INFO TaskSetManager: Finished task 0.0 in stage 3.0 (TID 2) in 27 ms on 064b77ed9c92 (executor driver) (1/1)
26/07/03 08:13:49 INFO TaskSchedulerImpl: Removed TaskSet 3.0, whose tasks have all completed, from pool 
26/07/03 08:13:49 INFO DAGScheduler: ResultStage 3 (count at MetadataNormalizer.java:48) finished in 0.031 s
26/07/03 08:13:49 INFO DAGScheduler: Job 2 is finished. Cancelling potential speculative or zombie tasks for this job
26/07/03 08:13:49 INFO TaskSchedulerImpl: Killing all running tasks in stage 3: Stage finished
26/07/03 08:13:49 INFO DAGScheduler: Job 2 finished: count at MetadataNormalizer.java:48, took 0.036275 s
26/07/03 08:13:49 INFO BlockManagerInfo: Removed broadcast_2_piece0 on 064b77ed9c92:45907 in memory (size: 7.8 KiB, free: 434.4 MiB)
26/07/03 08:13:49 INFO BlockManagerInfo: Removed broadcast_3_piece0 on 064b77ed9c92:45907 in memory (size: 5.9 KiB, free: 434.4 MiB)
26/07/03 08:13:49 INFO FileSourceStrategy: Pushed Filters: 
26/07/03 08:13:49 INFO FileSourceStrategy: Post-Scan Filters: 
26/07/03 08:13:49 INFO CodeGenerator: Code generated in 25.425417 ms
26/07/03 08:13:49 INFO CodeGenerator: Code generated in 6.180958 ms
26/07/03 08:13:49 INFO MemoryStore: Block broadcast_4 stored as values in memory (estimated size 201.3 KiB, free 434.0 MiB)
26/07/03 08:13:49 INFO MemoryStore: Block broadcast_4_piece0 stored as bytes in memory (estimated size 35.1 KiB, free 433.9 MiB)
26/07/03 08:13:49 INFO BlockManagerInfo: Added broadcast_4_piece0 in memory on 064b77ed9c92:45907 (size: 35.1 KiB, free: 434.3 MiB)
26/07/03 08:13:49 INFO SparkContext: Created broadcast 4 from show at MetadataNormalizer.java:116
26/07/03 08:13:49 INFO FileSourceScanExec: Planning scan with bin packing, max size: 4194304 bytes, open cost is considered as scanning 4194304 bytes.
26/07/03 08:13:49 INFO DAGScheduler: Registering RDD 14 (show at MetadataNormalizer.java:116) as input to shuffle 1
26/07/03 08:13:49 INFO DAGScheduler: Got map stage job 3 (show at MetadataNormalizer.java:116) with 1 output partitions
26/07/03 08:13:49 INFO DAGScheduler: Final stage: ShuffleMapStage 4 (show at MetadataNormalizer.java:116)
26/07/03 08:13:49 INFO DAGScheduler: Parents of final stage: List()
26/07/03 08:13:49 INFO DAGScheduler: Missing parents: List()
26/07/03 08:13:49 INFO DAGScheduler: Submitting ShuffleMapStage 4 (MapPartitionsRDD[14] at show at MetadataNormalizer.java:116), which has no missing parents
26/07/03 08:13:49 INFO MemoryStore: Block broadcast_5 stored as values in memory (estimated size 51.6 KiB, free 433.9 MiB)
26/07/03 08:13:49 INFO MemoryStore: Block broadcast_5_piece0 stored as bytes in memory (estimated size 18.9 KiB, free 433.9 MiB)
26/07/03 08:13:49 INFO BlockManagerInfo: Added broadcast_5_piece0 in memory on 064b77ed9c92:45907 (size: 18.9 KiB, free: 434.3 MiB)
26/07/03 08:13:49 INFO SparkContext: Created broadcast 5 from broadcast at DAGScheduler.scala:1611
26/07/03 08:13:49 INFO DAGScheduler: Submitting 1 missing tasks from ShuffleMapStage 4 (MapPartitionsRDD[14] at show at MetadataNormalizer.java:116) (first 15 tasks are for partitions Vector(0))
26/07/03 08:13:49 INFO TaskSchedulerImpl: Adding task set 4.0 with 1 tasks resource profile 0
26/07/03 08:13:49 INFO TaskSetManager: Starting task 0.0 in stage 4.0 (TID 3) (064b77ed9c92, executor driver, partition 0, PROCESS_LOCAL, 9911 bytes) 
26/07/03 08:13:49 INFO Executor: Running task 0.0 in stage 4.0 (TID 3)
26/07/03 08:13:49 INFO CodeGenerator: Code generated in 3.728916 ms
26/07/03 08:13:49 INFO CodeGenerator: Code generated in 4.539167 ms
26/07/03 08:13:49 INFO CodeGenerator: Code generated in 15.622 ms
26/07/03 08:13:49 INFO FileScanRDD: Reading File path: file:///recon-local/java-fixtures/invalid/missing_partition/root_a/timestampcolumn=2026-07-01/part-00000-f540b1b3-8d2e-44ad-b6a1-fa3dc138936b-c000.snappy.parquet, range: 0-859, partition values: [empty row]
26/07/03 08:13:49 INFO CodecPool: Got brand-new decompressor [.snappy]
26/07/03 08:13:49 INFO Executor: Finished task 0.0 in stage 4.0 (TID 3). 2192 bytes result sent to driver
26/07/03 08:13:49 INFO TaskSetManager: Finished task 0.0 in stage 4.0 (TID 3) in 112 ms on 064b77ed9c92 (executor driver) (1/1)
26/07/03 08:13:49 INFO TaskSchedulerImpl: Removed TaskSet 4.0, whose tasks have all completed, from pool 
26/07/03 08:13:49 INFO DAGScheduler: ShuffleMapStage 4 (show at MetadataNormalizer.java:116) finished in 0.123 s
26/07/03 08:13:49 INFO DAGScheduler: looking for newly runnable stages
26/07/03 08:13:49 INFO DAGScheduler: running: Set()
26/07/03 08:13:49 INFO DAGScheduler: waiting: Set()
26/07/03 08:13:49 INFO DAGScheduler: failed: Set()
26/07/03 08:13:49 INFO BlockManagerInfo: Removed broadcast_5_piece0 on 064b77ed9c92:45907 in memory (size: 18.9 KiB, free: 434.3 MiB)
26/07/03 08:13:49 INFO BlockManagerInfo: Removed broadcast_1_piece0 on 064b77ed9c92:45907 in memory (size: 35.0 KiB, free: 434.4 MiB)
26/07/03 08:13:49 INFO CodeGenerator: Code generated in 9.148959 ms
26/07/03 08:13:49 INFO SparkContext: Starting job: show at MetadataNormalizer.java:116
26/07/03 08:13:49 INFO DAGScheduler: Got job 4 (show at MetadataNormalizer.java:116) with 1 output partitions
26/07/03 08:13:49 INFO DAGScheduler: Final stage: ResultStage 6 (show at MetadataNormalizer.java:116)
26/07/03 08:13:49 INFO DAGScheduler: Parents of final stage: List(ShuffleMapStage 5)
26/07/03 08:13:49 INFO DAGScheduler: Missing parents: List()
26/07/03 08:13:49 INFO DAGScheduler: Submitting ResultStage 6 (MapPartitionsRDD[17] at show at MetadataNormalizer.java:116), which has no missing parents
26/07/03 08:13:49 INFO MemoryStore: Block broadcast_6 stored as values in memory (estimated size 27.1 KiB, free 434.1 MiB)
26/07/03 08:13:49 INFO MemoryStore: Block broadcast_6_piece0 stored as bytes in memory (estimated size 9.3 KiB, free 434.1 MiB)
26/07/03 08:13:49 INFO BlockManagerInfo: Added broadcast_6_piece0 in memory on 064b77ed9c92:45907 (size: 9.3 KiB, free: 434.4 MiB)
26/07/03 08:13:49 INFO SparkContext: Created broadcast 6 from broadcast at DAGScheduler.scala:1611
26/07/03 08:13:49 INFO DAGScheduler: Submitting 1 missing tasks from ResultStage 6 (MapPartitionsRDD[17] at show at MetadataNormalizer.java:116) (first 15 tasks are for partitions Vector(0))
26/07/03 08:13:49 INFO TaskSchedulerImpl: Adding task set 6.0 with 1 tasks resource profile 0
26/07/03 08:13:49 INFO TaskSetManager: Starting task 0.0 in stage 6.0 (TID 4) (064b77ed9c92, executor driver, partition 0, NODE_LOCAL, 9198 bytes) 
26/07/03 08:13:49 INFO Executor: Running task 0.0 in stage 6.0 (TID 4)
26/07/03 08:13:49 INFO ShuffleBlockFetcherIterator: Getting 1 (80.0 B) non-empty blocks including 1 (80.0 B) local and 0 (0.0 B) host-local and 0 (0.0 B) push-merged-local and 0 (0.0 B) remote blocks
26/07/03 08:13:49 INFO ShuffleBlockFetcherIterator: Started 0 remote fetches in 0 ms
26/07/03 08:13:49 INFO CodeGenerator: Code generated in 8.984541 ms
26/07/03 08:13:49 INFO Executor: Finished task 0.0 in stage 6.0 (TID 4). 4047 bytes result sent to driver
26/07/03 08:13:49 INFO TaskSetManager: Finished task 0.0 in stage 6.0 (TID 4) in 14 ms on 064b77ed9c92 (executor driver) (1/1)
26/07/03 08:13:49 INFO TaskSchedulerImpl: Removed TaskSet 6.0, whose tasks have all completed, from pool 
26/07/03 08:13:49 INFO DAGScheduler: ResultStage 6 (show at MetadataNormalizer.java:116) finished in 0.017 s
26/07/03 08:13:49 INFO DAGScheduler: Job 4 is finished. Cancelling potential speculative or zombie tasks for this job
26/07/03 08:13:49 INFO TaskSchedulerImpl: Killing all running tasks in stage 6: Stage finished
26/07/03 08:13:49 INFO DAGScheduler: Job 4 finished: show at MetadataNormalizer.java:116, took 0.019430 s
26/07/03 08:13:50 INFO CodeGenerator: Code generated in 4.340667 ms
26/07/03 08:13:50 INFO FileSourceStrategy: Pushed Filters: 
26/07/03 08:13:50 INFO FileSourceStrategy: Post-Scan Filters: 
26/07/03 08:13:50 INFO BlockManagerInfo: Removed broadcast_6_piece0 on 064b77ed9c92:45907 in memory (size: 9.3 KiB, free: 434.4 MiB)
26/07/03 08:13:50 INFO BlockManagerInfo: Removed broadcast_4_piece0 on 064b77ed9c92:45907 in memory (size: 35.1 KiB, free: 434.4 MiB)
26/07/03 08:13:50 INFO MemoryStore: Block broadcast_7 stored as values in memory (estimated size 201.3 KiB, free 434.2 MiB)
26/07/03 08:13:50 INFO MemoryStore: Block broadcast_7_piece0 stored as bytes in memory (estimated size 35.1 KiB, free 434.2 MiB)
26/07/03 08:13:50 INFO BlockManagerInfo: Added broadcast_7_piece0 in memory on 064b77ed9c92:45907 (size: 35.1 KiB, free: 434.4 MiB)
26/07/03 08:13:50 INFO SparkContext: Created broadcast 7 from collectAsList at MetadataNormalizer.java:119
26/07/03 08:13:50 INFO FileSourceScanExec: Planning scan with bin packing, max size: 4194304 bytes, open cost is considered as scanning 4194304 bytes.
26/07/03 08:13:50 INFO DAGScheduler: Registering RDD 23 (collectAsList at MetadataNormalizer.java:119) as input to shuffle 2
26/07/03 08:13:50 INFO DAGScheduler: Got map stage job 5 (collectAsList at MetadataNormalizer.java:119) with 1 output partitions
26/07/03 08:13:50 INFO DAGScheduler: Final stage: ShuffleMapStage 7 (collectAsList at MetadataNormalizer.java:119)
26/07/03 08:13:50 INFO DAGScheduler: Parents of final stage: List()
26/07/03 08:13:50 INFO DAGScheduler: Missing parents: List()
26/07/03 08:13:50 INFO DAGScheduler: Submitting ShuffleMapStage 7 (MapPartitionsRDD[23] at collectAsList at MetadataNormalizer.java:119), which has no missing parents
26/07/03 08:13:50 INFO MemoryStore: Block broadcast_8 stored as values in memory (estimated size 51.6 KiB, free 434.1 MiB)
26/07/03 08:13:50 INFO MemoryStore: Block broadcast_8_piece0 stored as bytes in memory (estimated size 18.9 KiB, free 434.1 MiB)
26/07/03 08:13:50 INFO BlockManagerInfo: Added broadcast_8_piece0 in memory on 064b77ed9c92:45907 (size: 18.9 KiB, free: 434.3 MiB)
26/07/03 08:13:50 INFO SparkContext: Created broadcast 8 from broadcast at DAGScheduler.scala:1611
26/07/03 08:13:50 INFO DAGScheduler: Submitting 1 missing tasks from ShuffleMapStage 7 (MapPartitionsRDD[23] at collectAsList at MetadataNormalizer.java:119) (first 15 tasks are for partitions Vector(0))
26/07/03 08:13:50 INFO TaskSchedulerImpl: Adding task set 7.0 with 1 tasks resource profile 0
26/07/03 08:13:50 INFO TaskSetManager: Starting task 0.0 in stage 7.0 (TID 5) (064b77ed9c92, executor driver, partition 0, PROCESS_LOCAL, 9911 bytes) 
26/07/03 08:13:50 INFO Executor: Running task 0.0 in stage 7.0 (TID 5)
26/07/03 08:13:50 INFO FileScanRDD: Reading File path: file:///recon-local/java-fixtures/invalid/missing_partition/root_a/timestampcolumn=2026-07-01/part-00000-f540b1b3-8d2e-44ad-b6a1-fa3dc138936b-c000.snappy.parquet, range: 0-859, partition values: [empty row]
26/07/03 08:13:50 INFO Executor: Finished task 0.0 in stage 7.0 (TID 5). 2192 bytes result sent to driver
26/07/03 08:13:50 INFO TaskSetManager: Finished task 0.0 in stage 7.0 (TID 5) in 12 ms on 064b77ed9c92 (executor driver) (1/1)
26/07/03 08:13:50 INFO TaskSchedulerImpl: Removed TaskSet 7.0, whose tasks have all completed, from pool 
26/07/03 08:13:50 INFO DAGScheduler: ShuffleMapStage 7 (collectAsList at MetadataNormalizer.java:119) finished in 0.017 s
26/07/03 08:13:50 INFO DAGScheduler: looking for newly runnable stages
26/07/03 08:13:50 INFO DAGScheduler: running: Set()
26/07/03 08:13:50 INFO DAGScheduler: waiting: Set()
26/07/03 08:13:50 INFO DAGScheduler: failed: Set()
26/07/03 08:13:50 INFO CodeGenerator: Code generated in 7.218166 ms
26/07/03 08:13:50 INFO SparkContext: Starting job: collectAsList at MetadataNormalizer.java:119
26/07/03 08:13:50 INFO DAGScheduler: Got job 6 (collectAsList at MetadataNormalizer.java:119) with 1 output partitions
26/07/03 08:13:50 INFO DAGScheduler: Final stage: ResultStage 9 (collectAsList at MetadataNormalizer.java:119)
26/07/03 08:13:50 INFO DAGScheduler: Parents of final stage: List(ShuffleMapStage 8)
26/07/03 08:13:50 INFO DAGScheduler: Missing parents: List()
26/07/03 08:13:50 INFO DAGScheduler: Submitting ResultStage 9 (MapPartitionsRDD[26] at collectAsList at MetadataNormalizer.java:119), which has no missing parents
26/07/03 08:13:50 INFO MemoryStore: Block broadcast_9 stored as values in memory (estimated size 26.1 KiB, free 434.1 MiB)
26/07/03 08:13:50 INFO MemoryStore: Block broadcast_9_piece0 stored as bytes in memory (estimated size 9.1 KiB, free 434.1 MiB)
26/07/03 08:13:50 INFO BlockManagerInfo: Added broadcast_9_piece0 in memory on 064b77ed9c92:45907 (size: 9.1 KiB, free: 434.3 MiB)
26/07/03 08:13:50 INFO SparkContext: Created broadcast 9 from broadcast at DAGScheduler.scala:1611
26/07/03 08:13:50 INFO DAGScheduler: Submitting 1 missing tasks from ResultStage 9 (MapPartitionsRDD[26] at collectAsList at MetadataNormalizer.java:119) (first 15 tasks are for partitions Vector(0))
26/07/03 08:13:50 INFO TaskSchedulerImpl: Adding task set 9.0 with 1 tasks resource profile 0
26/07/03 08:13:50 INFO TaskSetManager: Starting task 0.0 in stage 9.0 (TID 6) (064b77ed9c92, executor driver, partition 0, NODE_LOCAL, 9198 bytes) 
26/07/03 08:13:50 INFO Executor: Running task 0.0 in stage 9.0 (TID 6)
26/07/03 08:13:50 INFO ShuffleBlockFetcherIterator: Getting 1 (80.0 B) non-empty blocks including 1 (80.0 B) local and 0 (0.0 B) host-local and 0 (0.0 B) push-merged-local and 0 (0.0 B) remote blocks
26/07/03 08:13:50 INFO ShuffleBlockFetcherIterator: Started 0 remote fetches in 0 ms
26/07/03 08:13:50 INFO CodeGenerator: Code generated in 5.820833 ms
26/07/03 08:13:50 INFO Executor: Finished task 0.0 in stage 9.0 (TID 6). 4008 bytes result sent to driver
26/07/03 08:13:50 INFO TaskSetManager: Finished task 0.0 in stage 9.0 (TID 6) in 10 ms on 064b77ed9c92 (executor driver) (1/1)
26/07/03 08:13:50 INFO TaskSchedulerImpl: Removed TaskSet 9.0, whose tasks have all completed, from pool 
26/07/03 08:13:50 INFO DAGScheduler: ResultStage 9 (collectAsList at MetadataNormalizer.java:119) finished in 0.014 s
26/07/03 08:13:50 INFO DAGScheduler: Job 6 is finished. Cancelling potential speculative or zombie tasks for this job
26/07/03 08:13:50 INFO TaskSchedulerImpl: Killing all running tasks in stage 9: Stage finished
26/07/03 08:13:50 INFO DAGScheduler: Job 6 finished: collectAsList at MetadataNormalizer.java:119, took 0.016131 s
26/07/03 08:13:50 INFO CodeGenerator: Code generated in 3.290542 ms
26/07/03 08:13:50 INFO FileSourceStrategy: Pushed Filters: IsNotNull(cactus__metadata)
26/07/03 08:13:50 INFO FileSourceStrategy: Post-Scan Filters: isnotnull(cactus__metadata#0),isnotnull(from_json(StructField(partition,StringType,true), StructField(offset,StringType,true), StructField(_recon_corrupt_record,StringType,true), (mode,PERMISSIVE), (columnNameOfCorruptRecord,_recon_corrupt_record), cactus__metadata#0, Some(UTC))),isnull(from_json(StructField(partition,StringType,true), StructField(offset,StringType,true), StructField(_recon_corrupt_record,StringType,true), (mode,PERMISSIVE), (columnNameOfCorruptRecord,_recon_corrupt_record), cactus__metadata#0, Some(UTC))._recon_corrupt_record),((isnull(cactus__metadata#0) OR (isnull(from_json(StructField(partition,StringType,true), StructField(offset,StringType,true), StructField(_recon_corrupt_record,StringType,true), (mode,PERMISSIVE), (columnNameOfCorruptRecord,_recon_corrupt_record), cactus__metadata#0, Some(UTC))) OR isnotnull(from_json(StructField(partition,StringType,true), StructField(offset,StringType,true), StructField(_recon_corrupt_record,StringType,true), (mode,PERMISSIVE), (columnNameOfCorruptRecord,_recon_corrupt_record), cactus__metadata#0, Some(UTC))._recon_corrupt_record))) OR isnotnull(trim(from_json(StructField(partition,StringType,true), StructField(offset,StringType,true), StructField(_recon_corrupt_record,StringType,true), (mode,PERMISSIVE), (columnNameOfCorruptRecord,_recon_corrupt_record), cactus__metadata#0, Some(UTC)).partition, None))),((isnull(cactus__metadata#0) OR (isnull(from_json(StructField(partition,StringType,true), StructField(offset,StringType,true), StructField(_recon_corrupt_record,StringType,true), (mode,PERMISSIVE), (columnNameOfCorruptRecord,_recon_corrupt_record), cactus__metadata#0, Some(UTC))) OR isnotnull(from_json(StructField(partition,StringType,true), StructField(offset,StringType,true), StructField(_recon_corrupt_record,StringType,true), (mode,PERMISSIVE), (columnNameOfCorruptRecord,_recon_corrupt_record), cactus__metadata#0, Some(UTC))._recon_corrupt_record))) OR isnotnull(trim(from_json(StructField(partition,StringType,true), StructField(offset,StringType,true), StructField(_recon_corrupt_record,StringType,true), (mode,PERMISSIVE), (columnNameOfCorruptRecord,_recon_corrupt_record), cactus__metadata#0, Some(UTC)).offset, None))),(((isnull(cactus__metadata#0) OR (isnull(from_json(StructField(partition,StringType,true), StructField(offset,StringType,true), StructField(_recon_corrupt_record,StringType,true), (mode,PERMISSIVE), (columnNameOfCorruptRecord,_recon_corrupt_record), cactus__metadata#0, Some(UTC))) OR isnotnull(from_json(StructField(partition,StringType,true), StructField(offset,StringType,true), StructField(_recon_corrupt_record,StringType,true), (mode,PERMISSIVE), (columnNameOfCorruptRecord,_recon_corrupt_record), cactus__metadata#0, Some(UTC))._recon_corrupt_record))) OR isnull(trim(from_json(StructField(partition,StringType,true), StructField(offset,StringType,true), StructField(_recon_corrupt_record,StringType,true), (mode,PERMISSIVE), (columnNameOfCorruptRecord,_recon_corrupt_record), cactus__metadata#0, Some(UTC)).partition, None))) OR NOT CASE WHEN RLIKE(trim(from_json(StructField(partition,StringType,true), StructField(offset,StringType,true), StructField(_recon_corrupt_record,StringType,true), (mode,PERMISSIVE), (columnNameOfCorruptRecord,_recon_corrupt_record), cactus__metadata#0, Some(UTC)).partition, None), ^[0-9]+$) THEN isnull(cast(trim(from_json(StructField(partition,StringType,true), StructField(offset,StringType,true), StructField(_recon_corrupt_record,StringType,true), (mode,PERMISSIVE), (columnNameOfCorruptRecord,_recon_corrupt_record), cactus__metadata#0, Some(UTC)).partition, None) as int)) ELSE true END),(((isnull(cactus__metadata#0) OR (isnull(from_json(StructField(partition,StringType,true), StructField(offset,StringType,true), StructField(_recon_corrupt_record,StringType,true), (mode,PERMISSIVE), (columnNameOfCorruptRecord,_recon_corrupt_record), cactus__metadata#0, Some(UTC))) OR isnotnull(from_json(StructField(partition,StringType,true), StructField(offset,StringType,true), StructField(_recon_corrupt_record,StringType,true), (mode,PERMISSIVE), (columnNameOfCorruptRecord,_recon_corrupt_record), cactus__metadata#0, Some(UTC))._recon_corrupt_record))) OR isnull(trim(from_json(StructField(partition,StringType,true), StructField(offset,StringType,true), StructField(_recon_corrupt_record,StringType,true), (mode,PERMISSIVE), (columnNameOfCorruptRecord,_recon_corrupt_record), cactus__metadata#0, Some(UTC)).offset, None))) OR NOT CASE WHEN RLIKE(trim(from_json(StructField(partition,StringType,true), StructField(offset,StringType,true), StructField(_recon_corrupt_record,StringType,true), (mode,PERMISSIVE), (columnNameOfCorruptRecord,_recon_corrupt_record), cactus__metadata#0, Some(UTC)).offset, None), ^[0-9]+$) THEN isnull(cast(trim(from_json(StructField(partition,StringType,true), StructField(offset,StringType,true), StructField(_recon_corrupt_record,StringType,true), (mode,PERMISSIVE), (columnNameOfCorruptRecord,_recon_corrupt_record), cactus__metadata#0, Some(UTC)).offset, None) as bigint)) ELSE true END)
26/07/03 08:13:50 INFO CodeGenerator: Code generated in 2.453875 ms
26/07/03 08:13:50 INFO MemoryStore: Block broadcast_10 stored as values in memory (estimated size 201.3 KiB, free 433.9 MiB)
26/07/03 08:13:50 INFO MemoryStore: Block broadcast_10_piece0 stored as bytes in memory (estimated size 35.1 KiB, free 433.8 MiB)
26/07/03 08:13:50 INFO BlockManagerInfo: Added broadcast_10_piece0 in memory on 064b77ed9c92:45907 (size: 35.1 KiB, free: 434.3 MiB)
26/07/03 08:13:50 INFO SparkContext: Created broadcast 10 from count at OffsetAnalytics.java:39
26/07/03 08:13:50 INFO FileSourceScanExec: Planning scan with bin packing, max size: 4194304 bytes, open cost is considered as scanning 4194304 bytes.
26/07/03 08:13:50 INFO DAGScheduler: Registering RDD 32 (count at OffsetAnalytics.java:39) as input to shuffle 3
26/07/03 08:13:50 INFO DAGScheduler: Got map stage job 7 (count at OffsetAnalytics.java:39) with 1 output partitions
26/07/03 08:13:50 INFO DAGScheduler: Final stage: ShuffleMapStage 10 (count at OffsetAnalytics.java:39)
26/07/03 08:13:50 INFO DAGScheduler: Parents of final stage: List()
26/07/03 08:13:50 INFO DAGScheduler: Missing parents: List()
26/07/03 08:13:50 INFO DAGScheduler: Submitting ShuffleMapStage 10 (MapPartitionsRDD[32] at count at OffsetAnalytics.java:39), which has no missing parents
26/07/03 08:13:50 INFO MemoryStore: Block broadcast_11 stored as values in memory (estimated size 40.7 KiB, free 433.8 MiB)
26/07/03 08:13:50 INFO MemoryStore: Block broadcast_11_piece0 stored as bytes in memory (estimated size 16.1 KiB, free 433.8 MiB)
26/07/03 08:13:50 INFO BlockManagerInfo: Added broadcast_11_piece0 in memory on 064b77ed9c92:45907 (size: 16.1 KiB, free: 434.3 MiB)
26/07/03 08:13:50 INFO SparkContext: Created broadcast 11 from broadcast at DAGScheduler.scala:1611
26/07/03 08:13:50 INFO DAGScheduler: Submitting 1 missing tasks from ShuffleMapStage 10 (MapPartitionsRDD[32] at count at OffsetAnalytics.java:39) (first 15 tasks are for partitions Vector(0))
26/07/03 08:13:50 INFO TaskSchedulerImpl: Adding task set 10.0 with 1 tasks resource profile 0
26/07/03 08:13:50 INFO TaskSetManager: Starting task 0.0 in stage 10.0 (TID 7) (064b77ed9c92, executor driver, partition 0, PROCESS_LOCAL, 9911 bytes) 
26/07/03 08:13:50 INFO Executor: Running task 0.0 in stage 10.0 (TID 7)
26/07/03 08:13:50 INFO CodeGenerator: Code generated in 4.602 ms
26/07/03 08:13:50 INFO CodeGenerator: Code generated in 1.979 ms
26/07/03 08:13:50 INFO FileScanRDD: Reading File path: file:///recon-local/java-fixtures/invalid/missing_partition/root_a/timestampcolumn=2026-07-01/part-00000-f540b1b3-8d2e-44ad-b6a1-fa3dc138936b-c000.snappy.parquet, range: 0-859, partition values: [empty row]
26/07/03 08:13:50 INFO FilterCompat: Filtering using predicate: noteq(cactus__metadata, null)
26/07/03 08:13:50 INFO Executor: Finished task 0.0 in stage 10.0 (TID 7). 2248 bytes result sent to driver
26/07/03 08:13:50 INFO TaskSetManager: Finished task 0.0 in stage 10.0 (TID 7) in 41 ms on 064b77ed9c92 (executor driver) (1/1)
26/07/03 08:13:50 INFO TaskSchedulerImpl: Removed TaskSet 10.0, whose tasks have all completed, from pool 
26/07/03 08:13:50 INFO DAGScheduler: ShuffleMapStage 10 (count at OffsetAnalytics.java:39) finished in 0.072 s
26/07/03 08:13:50 INFO DAGScheduler: looking for newly runnable stages
26/07/03 08:13:50 INFO DAGScheduler: running: Set()
26/07/03 08:13:50 INFO DAGScheduler: waiting: Set()
26/07/03 08:13:50 INFO DAGScheduler: failed: Set()
26/07/03 08:13:50 INFO CodeGenerator: Code generated in 2.328417 ms
26/07/03 08:13:50 INFO SparkContext: Starting job: count at OffsetAnalytics.java:39
26/07/03 08:13:50 INFO DAGScheduler: Got job 8 (count at OffsetAnalytics.java:39) with 1 output partitions
26/07/03 08:13:50 INFO DAGScheduler: Final stage: ResultStage 12 (count at OffsetAnalytics.java:39)
26/07/03 08:13:50 INFO DAGScheduler: Parents of final stage: List(ShuffleMapStage 11)
26/07/03 08:13:50 INFO DAGScheduler: Missing parents: List()
26/07/03 08:13:50 INFO DAGScheduler: Submitting ResultStage 12 (MapPartitionsRDD[35] at count at OffsetAnalytics.java:39), which has no missing parents
26/07/03 08:13:50 INFO MemoryStore: Block broadcast_12 stored as values in memory (estimated size 12.5 KiB, free 433.8 MiB)
26/07/03 08:13:50 INFO MemoryStore: Block broadcast_12_piece0 stored as bytes in memory (estimated size 5.9 KiB, free 433.8 MiB)
26/07/03 08:13:50 INFO BlockManagerInfo: Added broadcast_12_piece0 in memory on 064b77ed9c92:45907 (size: 5.9 KiB, free: 434.3 MiB)
26/07/03 08:13:50 INFO BlockManagerInfo: Removed broadcast_7_piece0 on 064b77ed9c92:45907 in memory (size: 35.1 KiB, free: 434.3 MiB)
26/07/03 08:13:50 INFO SparkContext: Created broadcast 12 from broadcast at DAGScheduler.scala:1611
26/07/03 08:13:50 INFO DAGScheduler: Submitting 1 missing tasks from ResultStage 12 (MapPartitionsRDD[35] at count at OffsetAnalytics.java:39) (first 15 tasks are for partitions Vector(0))
26/07/03 08:13:50 INFO TaskSchedulerImpl: Adding task set 12.0 with 1 tasks resource profile 0
26/07/03 08:13:50 INFO TaskSetManager: Starting task 0.0 in stage 12.0 (TID 8) (064b77ed9c92, executor driver, partition 0, NODE_LOCAL, 9198 bytes) 
26/07/03 08:13:50 INFO BlockManagerInfo: Removed broadcast_9_piece0 on 064b77ed9c92:45907 in memory (size: 9.1 KiB, free: 434.3 MiB)
26/07/03 08:13:50 INFO Executor: Running task 0.0 in stage 12.0 (TID 8)
26/07/03 08:13:50 INFO ShuffleBlockFetcherIterator: Getting 1 (60.0 B) non-empty blocks including 1 (60.0 B) local and 0 (0.0 B) host-local and 0 (0.0 B) push-merged-local and 0 (0.0 B) remote blocks
26/07/03 08:13:50 INFO BlockManagerInfo: Removed broadcast_8_piece0 on 064b77ed9c92:45907 in memory (size: 18.9 KiB, free: 434.3 MiB)
26/07/03 08:13:50 INFO ShuffleBlockFetcherIterator: Started 0 remote fetches in 0 ms
26/07/03 08:13:50 INFO CodeGenerator: Code generated in 2.378667 ms
26/07/03 08:13:50 INFO BlockManagerInfo: Removed broadcast_11_piece0 on 064b77ed9c92:45907 in memory (size: 16.1 KiB, free: 434.4 MiB)
26/07/03 08:13:50 INFO Executor: Finished task 0.0 in stage 12.0 (TID 8). 3995 bytes result sent to driver
26/07/03 08:13:50 INFO TaskSetManager: Finished task 0.0 in stage 12.0 (TID 8) in 15 ms on 064b77ed9c92 (executor driver) (1/1)
26/07/03 08:13:50 INFO TaskSchedulerImpl: Removed TaskSet 12.0, whose tasks have all completed, from pool 
26/07/03 08:13:50 INFO DAGScheduler: ResultStage 12 (count at OffsetAnalytics.java:39) finished in 0.025 s
26/07/03 08:13:50 INFO DAGScheduler: Job 8 is finished. Cancelling potential speculative or zombie tasks for this job
26/07/03 08:13:50 INFO TaskSchedulerImpl: Killing all running tasks in stage 12: Stage finished
26/07/03 08:13:50 INFO DAGScheduler: Job 8 finished: count at OffsetAnalytics.java:39, took 0.026528 s
26/07/03 08:13:50 INFO FileSourceStrategy: Pushed Filters: IsNotNull(cactus__metadata)
26/07/03 08:13:50 INFO FileSourceStrategy: Post-Scan Filters: isnotnull(cactus__metadata#0),isnotnull(from_json(StructField(partition,StringType,true), StructField(offset,StringType,true), StructField(_recon_corrupt_record,StringType,true), (mode,PERMISSIVE), (columnNameOfCorruptRecord,_recon_corrupt_record), cactus__metadata#0, Some(UTC))),isnull(from_json(StructField(partition,StringType,true), StructField(offset,StringType,true), StructField(_recon_corrupt_record,StringType,true), (mode,PERMISSIVE), (columnNameOfCorruptRecord,_recon_corrupt_record), cactus__metadata#0, Some(UTC))._recon_corrupt_record),((isnull(cactus__metadata#0) OR (isnull(from_json(StructField(partition,StringType,true), StructField(offset,StringType,true), StructField(_recon_corrupt_record,StringType,true), (mode,PERMISSIVE), (columnNameOfCorruptRecord,_recon_corrupt_record), cactus__metadata#0, Some(UTC))) OR isnotnull(from_json(StructField(partition,StringType,true), StructField(offset,StringType,true), StructField(_recon_corrupt_record,StringType,true), (mode,PERMISSIVE), (columnNameOfCorruptRecord,_recon_corrupt_record), cactus__metadata#0, Some(UTC))._recon_corrupt_record))) OR isnotnull(trim(from_json(StructField(partition,StringType,true), StructField(offset,StringType,true), StructField(_recon_corrupt_record,StringType,true), (mode,PERMISSIVE), (columnNameOfCorruptRecord,_recon_corrupt_record), cactus__metadata#0, Some(UTC)).partition, None))),((isnull(cactus__metadata#0) OR (isnull(from_json(StructField(partition,StringType,true), StructField(offset,StringType,true), StructField(_recon_corrupt_record,StringType,true), (mode,PERMISSIVE), (columnNameOfCorruptRecord,_recon_corrupt_record), cactus__metadata#0, Some(UTC))) OR isnotnull(from_json(StructField(partition,StringType,true), StructField(offset,StringType,true), StructField(_recon_corrupt_record,StringType,true), (mode,PERMISSIVE), (columnNameOfCorruptRecord,_recon_corrupt_record), cactus__metadata#0, Some(UTC))._recon_corrupt_record))) OR isnotnull(trim(from_json(StructField(partition,StringType,true), StructField(offset,StringType,true), StructField(_recon_corrupt_record,StringType,true), (mode,PERMISSIVE), (columnNameOfCorruptRecord,_recon_corrupt_record), cactus__metadata#0, Some(UTC)).offset, None))),(((isnull(cactus__metadata#0) OR (isnull(from_json(StructField(partition,StringType,true), StructField(offset,StringType,true), StructField(_recon_corrupt_record,StringType,true), (mode,PERMISSIVE), (columnNameOfCorruptRecord,_recon_corrupt_record), cactus__metadata#0, Some(UTC))) OR isnotnull(from_json(StructField(partition,StringType,true), StructField(offset,StringType,true), StructField(_recon_corrupt_record,StringType,true), (mode,PERMISSIVE), (columnNameOfCorruptRecord,_recon_corrupt_record), cactus__metadata#0, Some(UTC))._recon_corrupt_record))) OR isnull(trim(from_json(StructField(partition,StringType,true), StructField(offset,StringType,true), StructField(_recon_corrupt_record,StringType,true), (mode,PERMISSIVE), (columnNameOfCorruptRecord,_recon_corrupt_record), cactus__metadata#0, Some(UTC)).partition, None))) OR NOT CASE WHEN RLIKE(trim(from_json(StructField(partition,StringType,true), StructField(offset,StringType,true), StructField(_recon_corrupt_record,StringType,true), (mode,PERMISSIVE), (columnNameOfCorruptRecord,_recon_corrupt_record), cactus__metadata#0, Some(UTC)).partition, None), ^[0-9]+$) THEN isnull(cast(trim(from_json(StructField(partition,StringType,true), StructField(offset,StringType,true), StructField(_recon_corrupt_record,StringType,true), (mode,PERMISSIVE), (columnNameOfCorruptRecord,_recon_corrupt_record), cactus__metadata#0, Some(UTC)).partition, None) as int)) ELSE true END),(((isnull(cactus__metadata#0) OR (isnull(from_json(StructField(partition,StringType,true), StructField(offset,StringType,true), StructField(_recon_corrupt_record,StringType,true), (mode,PERMISSIVE), (columnNameOfCorruptRecord,_recon_corrupt_record), cactus__metadata#0, Some(UTC))) OR isnotnull(from_json(StructField(partition,StringType,true), StructField(offset,StringType,true), StructField(_recon_corrupt_record,StringType,true), (mode,PERMISSIVE), (columnNameOfCorruptRecord,_recon_corrupt_record), cactus__metadata#0, Some(UTC))._recon_corrupt_record))) OR isnull(trim(from_json(StructField(partition,StringType,true), StructField(offset,StringType,true), StructField(_recon_corrupt_record,StringType,true), (mode,PERMISSIVE), (columnNameOfCorruptRecord,_recon_corrupt_record), cactus__metadata#0, Some(UTC)).offset, None))) OR NOT CASE WHEN RLIKE(trim(from_json(StructField(partition,StringType,true), StructField(offset,StringType,true), StructField(_recon_corrupt_record,StringType,true), (mode,PERMISSIVE), (columnNameOfCorruptRecord,_recon_corrupt_record), cactus__metadata#0, Some(UTC)).offset, None), ^[0-9]+$) THEN isnull(cast(trim(from_json(StructField(partition,StringType,true), StructField(offset,StringType,true), StructField(_recon_corrupt_record,StringType,true), (mode,PERMISSIVE), (columnNameOfCorruptRecord,_recon_corrupt_record), cactus__metadata#0, Some(UTC)).offset, None) as bigint)) ELSE true END)
26/07/03 08:13:50 INFO CodeGenerator: Code generated in 14.779125 ms
26/07/03 08:13:50 INFO MemoryStore: Block broadcast_13 stored as values in memory (estimated size 201.3 KiB, free 434.0 MiB)
26/07/03 08:13:50 INFO MemoryStore: Block broadcast_13_piece0 stored as bytes in memory (estimated size 35.1 KiB, free 433.9 MiB)
26/07/03 08:13:50 INFO BlockManagerInfo: Added broadcast_13_piece0 in memory on 064b77ed9c92:45907 (size: 35.1 KiB, free: 434.3 MiB)
26/07/03 08:13:50 INFO SparkContext: Created broadcast 13 from count at OffsetAnalytics.java:45
26/07/03 08:13:50 INFO FileSourceScanExec: Planning scan with bin packing, max size: 4194304 bytes, open cost is considered as scanning 4194304 bytes.
26/07/03 08:13:50 INFO DAGScheduler: Registering RDD 42 (count at OffsetAnalytics.java:45) as input to shuffle 4
26/07/03 08:13:50 INFO DAGScheduler: Got map stage job 9 (count at OffsetAnalytics.java:45) with 1 output partitions
26/07/03 08:13:50 INFO DAGScheduler: Final stage: ShuffleMapStage 13 (count at OffsetAnalytics.java:45)
26/07/03 08:13:50 INFO DAGScheduler: Parents of final stage: List()
26/07/03 08:13:50 INFO DAGScheduler: Missing parents: List()
26/07/03 08:13:50 INFO DAGScheduler: Submitting ShuffleMapStage 13 (MapPartitionsRDD[42] at count at OffsetAnalytics.java:45), which has no missing parents
26/07/03 08:13:50 INFO MemoryStore: Block broadcast_14 stored as values in memory (estimated size 64.5 KiB, free 433.9 MiB)
26/07/03 08:13:50 INFO MemoryStore: Block broadcast_14_piece0 stored as bytes in memory (estimated size 23.7 KiB, free 433.8 MiB)
26/07/03 08:13:50 INFO BlockManagerInfo: Added broadcast_14_piece0 in memory on 064b77ed9c92:45907 (size: 23.7 KiB, free: 434.3 MiB)
26/07/03 08:13:50 INFO SparkContext: Created broadcast 14 from broadcast at DAGScheduler.scala:1611
26/07/03 08:13:50 INFO DAGScheduler: Submitting 1 missing tasks from ShuffleMapStage 13 (MapPartitionsRDD[42] at count at OffsetAnalytics.java:45) (first 15 tasks are for partitions Vector(0))
26/07/03 08:13:50 INFO TaskSchedulerImpl: Adding task set 13.0 with 1 tasks resource profile 0
26/07/03 08:13:50 INFO TaskSetManager: Starting task 0.0 in stage 13.0 (TID 9) (064b77ed9c92, executor driver, partition 0, PROCESS_LOCAL, 9911 bytes) 
26/07/03 08:13:50 INFO Executor: Running task 0.0 in stage 13.0 (TID 9)
26/07/03 08:13:50 INFO CodeGenerator: Code generated in 2.958875 ms
26/07/03 08:13:50 INFO CodeGenerator: Code generated in 10.957667 ms
26/07/03 08:13:50 INFO CodeGenerator: Code generated in 5.372625 ms
26/07/03 08:13:50 INFO CodeGenerator: Code generated in 1.174416 ms
26/07/03 08:13:50 INFO CodeGenerator: Code generated in 2.0635 ms
26/07/03 08:13:50 INFO FileScanRDD: Reading File path: file:///recon-local/java-fixtures/invalid/missing_partition/root_a/timestampcolumn=2026-07-01/part-00000-f540b1b3-8d2e-44ad-b6a1-fa3dc138936b-c000.snappy.parquet, range: 0-859, partition values: [empty row]
26/07/03 08:13:50 INFO FilterCompat: Filtering using predicate: noteq(cactus__metadata, null)
26/07/03 08:13:50 INFO Executor: Finished task 0.0 in stage 13.0 (TID 9). 3042 bytes result sent to driver
26/07/03 08:13:50 INFO TaskSetManager: Finished task 0.0 in stage 13.0 (TID 9) in 55 ms on 064b77ed9c92 (executor driver) (1/1)
26/07/03 08:13:50 INFO TaskSchedulerImpl: Removed TaskSet 13.0, whose tasks have all completed, from pool 
26/07/03 08:13:50 INFO DAGScheduler: ShuffleMapStage 13 (count at OffsetAnalytics.java:45) finished in 0.060 s
26/07/03 08:13:50 INFO DAGScheduler: looking for newly runnable stages
26/07/03 08:13:50 INFO DAGScheduler: running: Set()
26/07/03 08:13:50 INFO DAGScheduler: waiting: Set()
26/07/03 08:13:50 INFO DAGScheduler: failed: Set()
26/07/03 08:13:50 INFO ShufflePartitionsUtil: For shuffle(4), advisory target size: 67108864, actual target size 1048576, minimum partition size: 1048576
26/07/03 08:13:50 INFO CodeGenerator: Code generated in 6.871 ms
26/07/03 08:13:50 INFO DAGScheduler: Registering RDD 45 (count at OffsetAnalytics.java:45) as input to shuffle 5
26/07/03 08:13:50 INFO DAGScheduler: Got map stage job 10 (count at OffsetAnalytics.java:45) with 1 output partitions
26/07/03 08:13:50 INFO DAGScheduler: Final stage: ShuffleMapStage 15 (count at OffsetAnalytics.java:45)
26/07/03 08:13:50 INFO DAGScheduler: Parents of final stage: List(ShuffleMapStage 14)
26/07/03 08:13:50 INFO DAGScheduler: Missing parents: List()
26/07/03 08:13:50 INFO DAGScheduler: Submitting ShuffleMapStage 15 (MapPartitionsRDD[45] at count at OffsetAnalytics.java:45), which has no missing parents
26/07/03 08:13:50 INFO MemoryStore: Block broadcast_15 stored as values in memory (estimated size 66.9 KiB, free 433.8 MiB)
26/07/03 08:13:50 INFO MemoryStore: Block broadcast_15_piece0 stored as bytes in memory (estimated size 25.1 KiB, free 433.7 MiB)
26/07/03 08:13:50 INFO BlockManagerInfo: Added broadcast_15_piece0 in memory on 064b77ed9c92:45907 (size: 25.1 KiB, free: 434.3 MiB)
26/07/03 08:13:50 INFO SparkContext: Created broadcast 15 from broadcast at DAGScheduler.scala:1611
26/07/03 08:13:50 INFO DAGScheduler: Submitting 1 missing tasks from ShuffleMapStage 15 (MapPartitionsRDD[45] at count at OffsetAnalytics.java:45) (first 15 tasks are for partitions Vector(0))
26/07/03 08:13:50 INFO TaskSchedulerImpl: Adding task set 15.0 with 1 tasks resource profile 0
26/07/03 08:13:50 INFO TaskSetManager: Starting task 0.0 in stage 15.0 (TID 10) (064b77ed9c92, executor driver, partition 0, NODE_LOCAL, 9187 bytes) 
26/07/03 08:13:50 INFO Executor: Running task 0.0 in stage 15.0 (TID 10)
26/07/03 08:13:50 INFO ShuffleBlockFetcherIterator: Getting 1 (60.0 B) non-empty blocks including 1 (60.0 B) local and 0 (0.0 B) host-local and 0 (0.0 B) push-merged-local and 0 (0.0 B) remote blocks
26/07/03 08:13:50 INFO ShuffleBlockFetcherIterator: Started 0 remote fetches in 0 ms
26/07/03 08:13:50 INFO CodeGenerator: Code generated in 6.723583 ms
26/07/03 08:13:50 INFO Executor: Finished task 0.0 in stage 15.0 (TID 10). 5915 bytes result sent to driver
26/07/03 08:13:50 INFO TaskSetManager: Finished task 0.0 in stage 15.0 (TID 10) in 16 ms on 064b77ed9c92 (executor driver) (1/1)
26/07/03 08:13:50 INFO TaskSchedulerImpl: Removed TaskSet 15.0, whose tasks have all completed, from pool 
26/07/03 08:13:50 INFO DAGScheduler: ShuffleMapStage 15 (count at OffsetAnalytics.java:45) finished in 0.020 s
26/07/03 08:13:50 INFO DAGScheduler: looking for newly runnable stages
26/07/03 08:13:50 INFO DAGScheduler: running: Set()
26/07/03 08:13:50 INFO DAGScheduler: waiting: Set()
26/07/03 08:13:50 INFO DAGScheduler: failed: Set()
26/07/03 08:13:50 INFO CodeGenerator: Code generated in 1.824458 ms
26/07/03 08:13:50 INFO SparkContext: Starting job: count at OffsetAnalytics.java:45
26/07/03 08:13:50 INFO DAGScheduler: Got job 11 (count at OffsetAnalytics.java:45) with 1 output partitions
26/07/03 08:13:50 INFO DAGScheduler: Final stage: ResultStage 18 (count at OffsetAnalytics.java:45)
26/07/03 08:13:50 INFO DAGScheduler: Parents of final stage: List(ShuffleMapStage 17)
26/07/03 08:13:50 INFO DAGScheduler: Missing parents: List()
26/07/03 08:13:50 INFO DAGScheduler: Submitting ResultStage 18 (MapPartitionsRDD[48] at count at OffsetAnalytics.java:45), which has no missing parents
26/07/03 08:13:50 INFO MemoryStore: Block broadcast_16 stored as values in memory (estimated size 12.5 KiB, free 433.7 MiB)
26/07/03 08:13:50 INFO MemoryStore: Block broadcast_16_piece0 stored as bytes in memory (estimated size 5.9 KiB, free 433.7 MiB)
26/07/03 08:13:50 INFO BlockManagerInfo: Added broadcast_16_piece0 in memory on 064b77ed9c92:45907 (size: 5.9 KiB, free: 434.3 MiB)
26/07/03 08:13:50 INFO BlockManagerInfo: Removed broadcast_15_piece0 on 064b77ed9c92:45907 in memory (size: 25.1 KiB, free: 434.3 MiB)
26/07/03 08:13:50 INFO SparkContext: Created broadcast 16 from broadcast at DAGScheduler.scala:1611
26/07/03 08:13:50 INFO DAGScheduler: Submitting 1 missing tasks from ResultStage 18 (MapPartitionsRDD[48] at count at OffsetAnalytics.java:45) (first 15 tasks are for partitions Vector(0))
26/07/03 08:13:50 INFO TaskSchedulerImpl: Adding task set 18.0 with 1 tasks resource profile 0
26/07/03 08:13:50 INFO TaskSetManager: Starting task 0.0 in stage 18.0 (TID 11) (064b77ed9c92, executor driver, partition 0, NODE_LOCAL, 9198 bytes) 
26/07/03 08:13:50 INFO BlockManagerInfo: Removed broadcast_14_piece0 on 064b77ed9c92:45907 in memory (size: 23.7 KiB, free: 434.3 MiB)
26/07/03 08:13:50 INFO Executor: Running task 0.0 in stage 18.0 (TID 11)
26/07/03 08:13:50 INFO BlockManagerInfo: Removed broadcast_12_piece0 on 064b77ed9c92:45907 in memory (size: 5.9 KiB, free: 434.3 MiB)
26/07/03 08:13:50 INFO ShuffleBlockFetcherIterator: Getting 1 (60.0 B) non-empty blocks including 1 (60.0 B) local and 0 (0.0 B) host-local and 0 (0.0 B) push-merged-local and 0 (0.0 B) remote blocks
26/07/03 08:13:50 INFO ShuffleBlockFetcherIterator: Started 0 remote fetches in 0 ms
26/07/03 08:13:50 INFO BlockManagerInfo: Removed broadcast_10_piece0 on 064b77ed9c92:45907 in memory (size: 35.1 KiB, free: 434.4 MiB)
26/07/03 08:13:50 INFO CodeGenerator: Code generated in 7.9485 ms
26/07/03 08:13:50 INFO Executor: Finished task 0.0 in stage 18.0 (TID 11). 3995 bytes result sent to driver
26/07/03 08:13:50 INFO TaskSetManager: Finished task 0.0 in stage 18.0 (TID 11) in 13 ms on 064b77ed9c92 (executor driver) (1/1)
26/07/03 08:13:50 INFO TaskSchedulerImpl: Removed TaskSet 18.0, whose tasks have all completed, from pool 
26/07/03 08:13:50 INFO DAGScheduler: ResultStage 18 (count at OffsetAnalytics.java:45) finished in 0.024 s
26/07/03 08:13:50 INFO DAGScheduler: Job 11 is finished. Cancelling potential speculative or zombie tasks for this job
26/07/03 08:13:50 INFO TaskSchedulerImpl: Killing all running tasks in stage 18: Stage finished
26/07/03 08:13:50 INFO DAGScheduler: Job 11 finished: count at OffsetAnalytics.java:45, took 0.026571 s
26/07/03 08:13:50 INFO FileSourceStrategy: Pushed Filters: IsNotNull(cactus__metadata)
26/07/03 08:13:50 INFO FileSourceStrategy: Post-Scan Filters: isnotnull(cactus__metadata#0),isnotnull(from_json(StructField(partition,StringType,true), StructField(offset,StringType,true), StructField(_recon_corrupt_record,StringType,true), (mode,PERMISSIVE), (columnNameOfCorruptRecord,_recon_corrupt_record), cactus__metadata#0, Some(UTC))),isnull(from_json(StructField(partition,StringType,true), StructField(offset,StringType,true), StructField(_recon_corrupt_record,StringType,true), (mode,PERMISSIVE), (columnNameOfCorruptRecord,_recon_corrupt_record), cactus__metadata#0, Some(UTC))._recon_corrupt_record),((isnull(cactus__metadata#0) OR (isnull(from_json(StructField(partition,StringType,true), StructField(offset,StringType,true), StructField(_recon_corrupt_record,StringType,true), (mode,PERMISSIVE), (columnNameOfCorruptRecord,_recon_corrupt_record), cactus__metadata#0, Some(UTC))) OR isnotnull(from_json(StructField(partition,StringType,true), StructField(offset,StringType,true), StructField(_recon_corrupt_record,StringType,true), (mode,PERMISSIVE), (columnNameOfCorruptRecord,_recon_corrupt_record), cactus__metadata#0, Some(UTC))._recon_corrupt_record))) OR isnotnull(trim(from_json(StructField(partition,StringType,true), StructField(offset,StringType,true), StructField(_recon_corrupt_record,StringType,true), (mode,PERMISSIVE), (columnNameOfCorruptRecord,_recon_corrupt_record), cactus__metadata#0, Some(UTC)).partition, None))),((isnull(cactus__metadata#0) OR (isnull(from_json(StructField(partition,StringType,true), StructField(offset,StringType,true), StructField(_recon_corrupt_record,StringType,true), (mode,PERMISSIVE), (columnNameOfCorruptRecord,_recon_corrupt_record), cactus__metadata#0, Some(UTC))) OR isnotnull(from_json(StructField(partition,StringType,true), StructField(offset,StringType,true), StructField(_recon_corrupt_record,StringType,true), (mode,PERMISSIVE), (columnNameOfCorruptRecord,_recon_corrupt_record), cactus__metadata#0, Some(UTC))._recon_corrupt_record))) OR isnotnull(trim(from_json(StructField(partition,StringType,true), StructField(offset,StringType,true), StructField(_recon_corrupt_record,StringType,true), (mode,PERMISSIVE), (columnNameOfCorruptRecord,_recon_corrupt_record), cactus__metadata#0, Some(UTC)).offset, None))),(((isnull(cactus__metadata#0) OR (isnull(from_json(StructField(partition,StringType,true), StructField(offset,StringType,true), StructField(_recon_corrupt_record,StringType,true), (mode,PERMISSIVE), (columnNameOfCorruptRecord,_recon_corrupt_record), cactus__metadata#0, Some(UTC))) OR isnotnull(from_json(StructField(partition,StringType,true), StructField(offset,StringType,true), StructField(_recon_corrupt_record,StringType,true), (mode,PERMISSIVE), (columnNameOfCorruptRecord,_recon_corrupt_record), cactus__metadata#0, Some(UTC))._recon_corrupt_record))) OR isnull(trim(from_json(StructField(partition,StringType,true), StructField(offset,StringType,true), StructField(_recon_corrupt_record,StringType,true), (mode,PERMISSIVE), (columnNameOfCorruptRecord,_recon_corrupt_record), cactus__metadata#0, Some(UTC)).partition, None))) OR NOT CASE WHEN RLIKE(trim(from_json(StructField(partition,StringType,true), StructField(offset,StringType,true), StructField(_recon_corrupt_record,StringType,true), (mode,PERMISSIVE), (columnNameOfCorruptRecord,_recon_corrupt_record), cactus__metadata#0, Some(UTC)).partition, None), ^[0-9]+$) THEN isnull(cast(trim(from_json(StructField(partition,StringType,true), StructField(offset,StringType,true), StructField(_recon_corrupt_record,StringType,true), (mode,PERMISSIVE), (columnNameOfCorruptRecord,_recon_corrupt_record), cactus__metadata#0, Some(UTC)).partition, None) as int)) ELSE true END),(((isnull(cactus__metadata#0) OR (isnull(from_json(StructField(partition,StringType,true), StructField(offset,StringType,true), StructField(_recon_corrupt_record,StringType,true), (mode,PERMISSIVE), (columnNameOfCorruptRecord,_recon_corrupt_record), cactus__metadata#0, Some(UTC))) OR isnotnull(from_json(StructField(partition,StringType,true), StructField(offset,StringType,true), StructField(_recon_corrupt_record,StringType,true), (mode,PERMISSIVE), (columnNameOfCorruptRecord,_recon_corrupt_record), cactus__metadata#0, Some(UTC))._recon_corrupt_record))) OR isnull(trim(from_json(StructField(partition,StringType,true), StructField(offset,StringType,true), StructField(_recon_corrupt_record,StringType,true), (mode,PERMISSIVE), (columnNameOfCorruptRecord,_recon_corrupt_record), cactus__metadata#0, Some(UTC)).offset, None))) OR NOT CASE WHEN RLIKE(trim(from_json(StructField(partition,StringType,true), StructField(offset,StringType,true), StructField(_recon_corrupt_record,StringType,true), (mode,PERMISSIVE), (columnNameOfCorruptRecord,_recon_corrupt_record), cactus__metadata#0, Some(UTC)).offset, None), ^[0-9]+$) THEN isnull(cast(trim(from_json(StructField(partition,StringType,true), StructField(offset,StringType,true), StructField(_recon_corrupt_record,StringType,true), (mode,PERMISSIVE), (columnNameOfCorruptRecord,_recon_corrupt_record), cactus__metadata#0, Some(UTC)).offset, None) as bigint)) ELSE true END)
26/07/03 08:13:50 INFO MemoryStore: Block broadcast_17 stored as values in memory (estimated size 201.3 KiB, free 434.0 MiB)
26/07/03 08:13:50 INFO MemoryStore: Block broadcast_17_piece0 stored as bytes in memory (estimated size 35.1 KiB, free 433.9 MiB)
26/07/03 08:13:50 INFO BlockManagerInfo: Added broadcast_17_piece0 in memory on 064b77ed9c92:45907 (size: 35.1 KiB, free: 434.3 MiB)
26/07/03 08:13:50 INFO SparkContext: Created broadcast 17 from collectAsList at OffsetAnalytics.java:73
26/07/03 08:13:50 INFO FileSourceScanExec: Planning scan with bin packing, max size: 4194304 bytes, open cost is considered as scanning 4194304 bytes.
26/07/03 08:13:50 INFO DAGScheduler: Registering RDD 55 (collectAsList at OffsetAnalytics.java:73) as input to shuffle 6
26/07/03 08:13:50 INFO DAGScheduler: Got map stage job 12 (collectAsList at OffsetAnalytics.java:73) with 1 output partitions
26/07/03 08:13:50 INFO DAGScheduler: Final stage: ShuffleMapStage 19 (collectAsList at OffsetAnalytics.java:73)
26/07/03 08:13:50 INFO DAGScheduler: Parents of final stage: List()
26/07/03 08:13:50 INFO DAGScheduler: Missing parents: List()
26/07/03 08:13:50 INFO DAGScheduler: Submitting ShuffleMapStage 19 (MapPartitionsRDD[55] at collectAsList at OffsetAnalytics.java:73), which has no missing parents
26/07/03 08:13:50 INFO MemoryStore: Block broadcast_18 stored as values in memory (estimated size 64.5 KiB, free 433.9 MiB)
26/07/03 08:13:50 INFO MemoryStore: Block broadcast_18_piece0 stored as bytes in memory (estimated size 23.7 KiB, free 433.8 MiB)
26/07/03 08:13:50 INFO BlockManagerInfo: Added broadcast_18_piece0 in memory on 064b77ed9c92:45907 (size: 23.7 KiB, free: 434.3 MiB)
26/07/03 08:13:50 INFO SparkContext: Created broadcast 18 from broadcast at DAGScheduler.scala:1611
26/07/03 08:13:50 INFO DAGScheduler: Submitting 1 missing tasks from ShuffleMapStage 19 (MapPartitionsRDD[55] at collectAsList at OffsetAnalytics.java:73) (first 15 tasks are for partitions Vector(0))
26/07/03 08:13:50 INFO TaskSchedulerImpl: Adding task set 19.0 with 1 tasks resource profile 0
26/07/03 08:13:50 INFO TaskSetManager: Starting task 0.0 in stage 19.0 (TID 12) (064b77ed9c92, executor driver, partition 0, PROCESS_LOCAL, 9911 bytes) 
26/07/03 08:13:50 INFO Executor: Running task 0.0 in stage 19.0 (TID 12)
26/07/03 08:13:50 INFO FileScanRDD: Reading File path: file:///recon-local/java-fixtures/invalid/missing_partition/root_a/timestampcolumn=2026-07-01/part-00000-f540b1b3-8d2e-44ad-b6a1-fa3dc138936b-c000.snappy.parquet, range: 0-859, partition values: [empty row]
26/07/03 08:13:50 INFO FilterCompat: Filtering using predicate: noteq(cactus__metadata, null)
26/07/03 08:13:50 INFO Executor: Finished task 0.0 in stage 19.0 (TID 12). 3042 bytes result sent to driver
26/07/03 08:13:50 INFO TaskSetManager: Finished task 0.0 in stage 19.0 (TID 12) in 16 ms on 064b77ed9c92 (executor driver) (1/1)
26/07/03 08:13:50 INFO TaskSchedulerImpl: Removed TaskSet 19.0, whose tasks have all completed, from pool 
26/07/03 08:13:50 INFO DAGScheduler: ShuffleMapStage 19 (collectAsList at OffsetAnalytics.java:73) finished in 0.019 s
26/07/03 08:13:50 INFO DAGScheduler: looking for newly runnable stages
26/07/03 08:13:50 INFO DAGScheduler: running: Set()
26/07/03 08:13:50 INFO DAGScheduler: waiting: Set()
26/07/03 08:13:50 INFO DAGScheduler: failed: Set()
26/07/03 08:13:50 INFO ShufflePartitionsUtil: For shuffle(6), advisory target size: 67108864, actual target size 1048576, minimum partition size: 1048576
26/07/03 08:13:50 INFO CodeGenerator: Code generated in 7.211 ms
26/07/03 08:13:50 INFO DAGScheduler: Registering RDD 58 (collectAsList at OffsetAnalytics.java:73) as input to shuffle 7
26/07/03 08:13:50 INFO DAGScheduler: Got map stage job 13 (collectAsList at OffsetAnalytics.java:73) with 1 output partitions
26/07/03 08:13:50 INFO DAGScheduler: Final stage: ShuffleMapStage 21 (collectAsList at OffsetAnalytics.java:73)
26/07/03 08:13:50 INFO DAGScheduler: Parents of final stage: List(ShuffleMapStage 20)
26/07/03 08:13:50 INFO DAGScheduler: Missing parents: List()
26/07/03 08:13:50 INFO DAGScheduler: Submitting ShuffleMapStage 21 (MapPartitionsRDD[58] at collectAsList at OffsetAnalytics.java:73), which has no missing parents
26/07/03 08:13:50 INFO MemoryStore: Block broadcast_19 stored as values in memory (estimated size 79.5 KiB, free 433.8 MiB)
26/07/03 08:13:50 INFO MemoryStore: Block broadcast_19_piece0 stored as bytes in memory (estimated size 27.4 KiB, free 433.7 MiB)
26/07/03 08:13:50 INFO BlockManagerInfo: Added broadcast_19_piece0 in memory on 064b77ed9c92:45907 (size: 27.4 KiB, free: 434.3 MiB)
26/07/03 08:13:50 INFO SparkContext: Created broadcast 19 from broadcast at DAGScheduler.scala:1611
26/07/03 08:13:50 INFO DAGScheduler: Submitting 1 missing tasks from ShuffleMapStage 21 (MapPartitionsRDD[58] at collectAsList at OffsetAnalytics.java:73) (first 15 tasks are for partitions Vector(0))
26/07/03 08:13:50 INFO TaskSchedulerImpl: Adding task set 21.0 with 1 tasks resource profile 0
26/07/03 08:13:50 INFO TaskSetManager: Starting task 0.0 in stage 21.0 (TID 13) (064b77ed9c92, executor driver, partition 0, NODE_LOCAL, 9187 bytes) 
26/07/03 08:13:50 INFO Executor: Running task 0.0 in stage 21.0 (TID 13)
26/07/03 08:13:50 INFO ShuffleBlockFetcherIterator: Getting 1 (60.0 B) non-empty blocks including 1 (60.0 B) local and 0 (0.0 B) host-local and 0 (0.0 B) push-merged-local and 0 (0.0 B) remote blocks
26/07/03 08:13:50 INFO ShuffleBlockFetcherIterator: Started 0 remote fetches in 0 ms
26/07/03 08:13:50 INFO CodeGenerator: Code generated in 7.227625 ms
26/07/03 08:13:50 INFO CodeGenerator: Code generated in 2.091875 ms
26/07/03 08:13:50 INFO CodeGenerator: Code generated in 1.146125 ms
26/07/03 08:13:50 INFO CodeGenerator: Code generated in 1.3965 ms
26/07/03 08:13:50 INFO CodeGenerator: Code generated in 1.056708 ms
26/07/03 08:13:50 INFO BlockManagerInfo: Removed broadcast_16_piece0 on 064b77ed9c92:45907 in memory (size: 5.9 KiB, free: 434.3 MiB)
26/07/03 08:13:50 INFO BlockManagerInfo: Removed broadcast_13_piece0 on 064b77ed9c92:45907 in memory (size: 35.1 KiB, free: 434.3 MiB)
26/07/03 08:13:50 INFO Executor: Finished task 0.0 in stage 21.0 (TID 13). 6160 bytes result sent to driver
26/07/03 08:13:50 INFO TaskSetManager: Finished task 0.0 in stage 21.0 (TID 13) in 33 ms on 064b77ed9c92 (executor driver) (1/1)
26/07/03 08:13:50 INFO TaskSchedulerImpl: Removed TaskSet 21.0, whose tasks have all completed, from pool 
26/07/03 08:13:50 INFO DAGScheduler: ShuffleMapStage 21 (collectAsList at OffsetAnalytics.java:73) finished in 0.036 s
26/07/03 08:13:50 INFO BlockManagerInfo: Removed broadcast_18_piece0 on 064b77ed9c92:45907 in memory (size: 23.7 KiB, free: 434.3 MiB)
26/07/03 08:13:50 INFO DAGScheduler: looking for newly runnable stages
26/07/03 08:13:50 INFO DAGScheduler: running: Set()
26/07/03 08:13:50 INFO DAGScheduler: waiting: Set()
26/07/03 08:13:50 INFO DAGScheduler: failed: Set()
26/07/03 08:13:50 INFO ShufflePartitionsUtil: For shuffle(7), advisory target size: 67108864, actual target size 1048576, minimum partition size: 1048576
26/07/03 08:13:50 INFO HashAggregateExec: spark.sql.codegen.aggregate.map.twolevel.enabled is set to true, but current version of codegened fast hashmap does not support this aggregate.
26/07/03 08:13:50 INFO CodeGenerator: Code generated in 3.332042 ms
26/07/03 08:13:50 INFO SparkContext: Starting job: collectAsList at OffsetAnalytics.java:73
26/07/03 08:13:50 INFO DAGScheduler: Got job 14 (collectAsList at OffsetAnalytics.java:73) with 1 output partitions
26/07/03 08:13:50 INFO DAGScheduler: Final stage: ResultStage 24 (collectAsList at OffsetAnalytics.java:73)
26/07/03 08:13:50 INFO DAGScheduler: Parents of final stage: List(ShuffleMapStage 23)
26/07/03 08:13:50 INFO DAGScheduler: Missing parents: List()
26/07/03 08:13:50 INFO DAGScheduler: Submitting ResultStage 24 (MapPartitionsRDD[61] at collectAsList at OffsetAnalytics.java:73), which has no missing parents
26/07/03 08:13:50 INFO MemoryStore: Block broadcast_20 stored as values in memory (estimated size 75.8 KiB, free 434.0 MiB)
26/07/03 08:13:50 INFO MemoryStore: Block broadcast_20_piece0 stored as bytes in memory (estimated size 27.5 KiB, free 434.0 MiB)
26/07/03 08:13:50 INFO BlockManagerInfo: Added broadcast_20_piece0 in memory on 064b77ed9c92:45907 (size: 27.5 KiB, free: 434.3 MiB)
26/07/03 08:13:50 INFO SparkContext: Created broadcast 20 from broadcast at DAGScheduler.scala:1611
26/07/03 08:13:50 INFO DAGScheduler: Submitting 1 missing tasks from ResultStage 24 (MapPartitionsRDD[61] at collectAsList at OffsetAnalytics.java:73) (first 15 tasks are for partitions Vector(0))
26/07/03 08:13:50 INFO TaskSchedulerImpl: Adding task set 24.0 with 1 tasks resource profile 0
26/07/03 08:13:50 INFO TaskSetManager: Starting task 0.0 in stage 24.0 (TID 14) (064b77ed9c92, executor driver, partition 0, NODE_LOCAL, 9198 bytes) 
26/07/03 08:13:50 INFO Executor: Running task 0.0 in stage 24.0 (TID 14)
26/07/03 08:13:50 INFO ShuffleBlockFetcherIterator: Getting 1 (66.0 B) non-empty blocks including 1 (66.0 B) local and 0 (0.0 B) host-local and 0 (0.0 B) push-merged-local and 0 (0.0 B) remote blocks
26/07/03 08:13:50 INFO ShuffleBlockFetcherIterator: Started 0 remote fetches in 0 ms
26/07/03 08:13:50 INFO CodeGenerator: Code generated in 3.898625 ms
26/07/03 08:13:50 INFO Executor: Finished task 0.0 in stage 24.0 (TID 14). 7404 bytes result sent to driver
26/07/03 08:13:50 INFO TaskSetManager: Finished task 0.0 in stage 24.0 (TID 14) in 10 ms on 064b77ed9c92 (executor driver) (1/1)
26/07/03 08:13:50 INFO TaskSchedulerImpl: Removed TaskSet 24.0, whose tasks have all completed, from pool 
26/07/03 08:13:50 INFO DAGScheduler: ResultStage 24 (collectAsList at OffsetAnalytics.java:73) finished in 0.013 s
26/07/03 08:13:50 INFO DAGScheduler: Job 14 is finished. Cancelling potential speculative or zombie tasks for this job
26/07/03 08:13:50 INFO TaskSchedulerImpl: Killing all running tasks in stage 24: Stage finished
26/07/03 08:13:50 INFO DAGScheduler: Job 14 finished: collectAsList at OffsetAnalytics.java:73, took 0.014863 s
26/07/03 08:13:50 INFO CodeGenerator: Code generated in 2.896958 ms
26/07/03 08:13:50 INFO FileSourceStrategy: Pushed Filters: IsNotNull(cactus__metadata)
26/07/03 08:13:50 INFO FileSourceStrategy: Post-Scan Filters: isnotnull(cactus__metadata#0),isnotnull(from_json(StructField(partition,StringType,true), StructField(offset,StringType,true), StructField(_recon_corrupt_record,StringType,true), (mode,PERMISSIVE), (columnNameOfCorruptRecord,_recon_corrupt_record), cactus__metadata#0, Some(UTC))),isnull(from_json(StructField(partition,StringType,true), StructField(offset,StringType,true), StructField(_recon_corrupt_record,StringType,true), (mode,PERMISSIVE), (columnNameOfCorruptRecord,_recon_corrupt_record), cactus__metadata#0, Some(UTC))._recon_corrupt_record),((isnull(cactus__metadata#0) OR (isnull(from_json(StructField(partition,StringType,true), StructField(offset,StringType,true), StructField(_recon_corrupt_record,StringType,true), (mode,PERMISSIVE), (columnNameOfCorruptRecord,_recon_corrupt_record), cactus__metadata#0, Some(UTC))) OR isnotnull(from_json(StructField(partition,StringType,true), StructField(offset,StringType,true), StructField(_recon_corrupt_record,StringType,true), (mode,PERMISSIVE), (columnNameOfCorruptRecord,_recon_corrupt_record), cactus__metadata#0, Some(UTC))._recon_corrupt_record))) OR isnotnull(trim(from_json(StructField(partition,StringType,true), StructField(offset,StringType,true), StructField(_recon_corrupt_record,StringType,true), (mode,PERMISSIVE), (columnNameOfCorruptRecord,_recon_corrupt_record), cactus__metadata#0, Some(UTC)).partition, None))),((isnull(cactus__metadata#0) OR (isnull(from_json(StructField(partition,StringType,true), StructField(offset,StringType,true), StructField(_recon_corrupt_record,StringType,true), (mode,PERMISSIVE), (columnNameOfCorruptRecord,_recon_corrupt_record), cactus__metadata#0, Some(UTC))) OR isnotnull(from_json(StructField(partition,StringType,true), StructField(offset,StringType,true), StructField(_recon_corrupt_record,StringType,true), (mode,PERMISSIVE), (columnNameOfCorruptRecord,_recon_corrupt_record), cactus__metadata#0, Some(UTC))._recon_corrupt_record))) OR isnotnull(trim(from_json(StructField(partition,StringType,true), StructField(offset,StringType,true), StructField(_recon_corrupt_record,StringType,true), (mode,PERMISSIVE), (columnNameOfCorruptRecord,_recon_corrupt_record), cactus__metadata#0, Some(UTC)).offset, None))),(((isnull(cactus__metadata#0) OR (isnull(from_json(StructField(partition,StringType,true), StructField(offset,StringType,true), StructField(_recon_corrupt_record,StringType,true), (mode,PERMISSIVE), (columnNameOfCorruptRecord,_recon_corrupt_record), cactus__metadata#0, Some(UTC))) OR isnotnull(from_json(StructField(partition,StringType,true), StructField(offset,StringType,true), StructField(_recon_corrupt_record,StringType,true), (mode,PERMISSIVE), (columnNameOfCorruptRecord,_recon_corrupt_record), cactus__metadata#0, Some(UTC))._recon_corrupt_record))) OR isnull(trim(from_json(StructField(partition,StringType,true), StructField(offset,StringType,true), StructField(_recon_corrupt_record,StringType,true), (mode,PERMISSIVE), (columnNameOfCorruptRecord,_recon_corrupt_record), cactus__metadata#0, Some(UTC)).partition, None))) OR NOT CASE WHEN RLIKE(trim(from_json(StructField(partition,StringType,true), StructField(offset,StringType,true), StructField(_recon_corrupt_record,StringType,true), (mode,PERMISSIVE), (columnNameOfCorruptRecord,_recon_corrupt_record), cactus__metadata#0, Some(UTC)).partition, None), ^[0-9]+$) THEN isnull(cast(trim(from_json(StructField(partition,StringType,true), StructField(offset,StringType,true), StructField(_recon_corrupt_record,StringType,true), (mode,PERMISSIVE), (columnNameOfCorruptRecord,_recon_corrupt_record), cactus__metadata#0, Some(UTC)).partition, None) as int)) ELSE true END),(((isnull(cactus__metadata#0) OR (isnull(from_json(StructField(partition,StringType,true), StructField(offset,StringType,true), StructField(_recon_corrupt_record,StringType,true), (mode,PERMISSIVE), (columnNameOfCorruptRecord,_recon_corrupt_record), cactus__metadata#0, Some(UTC))) OR isnotnull(from_json(StructField(partition,StringType,true), StructField(offset,StringType,true), StructField(_recon_corrupt_record,StringType,true), (mode,PERMISSIVE), (columnNameOfCorruptRecord,_recon_corrupt_record), cactus__metadata#0, Some(UTC))._recon_corrupt_record))) OR isnull(trim(from_json(StructField(partition,StringType,true), StructField(offset,StringType,true), StructField(_recon_corrupt_record,StringType,true), (mode,PERMISSIVE), (columnNameOfCorruptRecord,_recon_corrupt_record), cactus__metadata#0, Some(UTC)).offset, None))) OR NOT CASE WHEN RLIKE(trim(from_json(StructField(partition,StringType,true), StructField(offset,StringType,true), StructField(_recon_corrupt_record,StringType,true), (mode,PERMISSIVE), (columnNameOfCorruptRecord,_recon_corrupt_record), cactus__metadata#0, Some(UTC)).offset, None), ^[0-9]+$) THEN isnull(cast(trim(from_json(StructField(partition,StringType,true), StructField(offset,StringType,true), StructField(_recon_corrupt_record,StringType,true), (mode,PERMISSIVE), (columnNameOfCorruptRecord,_recon_corrupt_record), cactus__metadata#0, Some(UTC)).offset, None) as bigint)) ELSE true END)
26/07/03 08:13:50 INFO MemoryStore: Block broadcast_21 stored as values in memory (estimated size 201.3 KiB, free 433.8 MiB)
26/07/03 08:13:50 INFO MemoryStore: Block broadcast_21_piece0 stored as bytes in memory (estimated size 35.1 KiB, free 433.7 MiB)
26/07/03 08:13:50 INFO BlockManagerInfo: Added broadcast_21_piece0 in memory on 064b77ed9c92:45907 (size: 35.1 KiB, free: 434.3 MiB)
26/07/03 08:13:50 INFO SparkContext: Created broadcast 21 from collectAsList at OffsetAnalytics.java:140
26/07/03 08:13:50 INFO FileSourceScanExec: Planning scan with bin packing, max size: 4194304 bytes, open cost is considered as scanning 4194304 bytes.
26/07/03 08:13:50 INFO DAGScheduler: Registering RDD 68 (collectAsList at OffsetAnalytics.java:140) as input to shuffle 8
26/07/03 08:13:50 INFO DAGScheduler: Got map stage job 15 (collectAsList at OffsetAnalytics.java:140) with 1 output partitions
26/07/03 08:13:50 INFO DAGScheduler: Final stage: ShuffleMapStage 25 (collectAsList at OffsetAnalytics.java:140)
26/07/03 08:13:50 INFO DAGScheduler: Parents of final stage: List()
26/07/03 08:13:50 INFO DAGScheduler: Missing parents: List()
26/07/03 08:13:50 INFO DAGScheduler: Submitting ShuffleMapStage 25 (MapPartitionsRDD[68] at collectAsList at OffsetAnalytics.java:140), which has no missing parents
26/07/03 08:13:50 INFO MemoryStore: Block broadcast_22 stored as values in memory (estimated size 64.5 KiB, free 433.7 MiB)
26/07/03 08:13:50 INFO MemoryStore: Block broadcast_22_piece0 stored as bytes in memory (estimated size 23.7 KiB, free 433.6 MiB)
26/07/03 08:13:50 INFO BlockManagerInfo: Added broadcast_22_piece0 in memory on 064b77ed9c92:45907 (size: 23.7 KiB, free: 434.3 MiB)
26/07/03 08:13:50 INFO SparkContext: Created broadcast 22 from broadcast at DAGScheduler.scala:1611
26/07/03 08:13:50 INFO DAGScheduler: Submitting 1 missing tasks from ShuffleMapStage 25 (MapPartitionsRDD[68] at collectAsList at OffsetAnalytics.java:140) (first 15 tasks are for partitions Vector(0))
26/07/03 08:13:50 INFO TaskSchedulerImpl: Adding task set 25.0 with 1 tasks resource profile 0
26/07/03 08:13:50 INFO TaskSetManager: Starting task 0.0 in stage 25.0 (TID 15) (064b77ed9c92, executor driver, partition 0, PROCESS_LOCAL, 9911 bytes) 
26/07/03 08:13:50 INFO Executor: Running task 0.0 in stage 25.0 (TID 15)
26/07/03 08:13:50 INFO BlockManagerInfo: Removed broadcast_19_piece0 on 064b77ed9c92:45907 in memory (size: 27.4 KiB, free: 434.3 MiB)
26/07/03 08:13:50 INFO FileScanRDD: Reading File path: file:///recon-local/java-fixtures/invalid/missing_partition/root_a/timestampcolumn=2026-07-01/part-00000-f540b1b3-8d2e-44ad-b6a1-fa3dc138936b-c000.snappy.parquet, range: 0-859, partition values: [empty row]
26/07/03 08:13:50 INFO BlockManagerInfo: Removed broadcast_20_piece0 on 064b77ed9c92:45907 in memory (size: 27.5 KiB, free: 434.3 MiB)
26/07/03 08:13:50 INFO FilterCompat: Filtering using predicate: noteq(cactus__metadata, null)
26/07/03 08:13:50 INFO Executor: Finished task 0.0 in stage 25.0 (TID 15). 3085 bytes result sent to driver
26/07/03 08:13:50 INFO TaskSetManager: Finished task 0.0 in stage 25.0 (TID 15) in 37 ms on 064b77ed9c92 (executor driver) (1/1)
26/07/03 08:13:50 INFO TaskSchedulerImpl: Removed TaskSet 25.0, whose tasks have all completed, from pool 
26/07/03 08:13:50 INFO DAGScheduler: ShuffleMapStage 25 (collectAsList at OffsetAnalytics.java:140) finished in 0.041 s
26/07/03 08:13:50 INFO DAGScheduler: looking for newly runnable stages
26/07/03 08:13:50 INFO DAGScheduler: running: Set()
26/07/03 08:13:50 INFO DAGScheduler: waiting: Set()
26/07/03 08:13:50 INFO DAGScheduler: failed: Set()
26/07/03 08:13:50 INFO ShufflePartitionsUtil: For shuffle(8), advisory target size: 67108864, actual target size 1048576, minimum partition size: 1048576
26/07/03 08:13:50 INFO DAGScheduler: Registering RDD 71 (collectAsList at OffsetAnalytics.java:140) as input to shuffle 9
26/07/03 08:13:50 INFO DAGScheduler: Got map stage job 16 (collectAsList at OffsetAnalytics.java:140) with 1 output partitions
26/07/03 08:13:50 INFO DAGScheduler: Final stage: ShuffleMapStage 27 (collectAsList at OffsetAnalytics.java:140)
26/07/03 08:13:50 INFO DAGScheduler: Parents of final stage: List(ShuffleMapStage 26)
26/07/03 08:13:50 INFO DAGScheduler: Missing parents: List()
26/07/03 08:13:50 INFO DAGScheduler: Submitting ShuffleMapStage 27 (MapPartitionsRDD[71] at collectAsList at OffsetAnalytics.java:140), which has no missing parents
26/07/03 08:13:50 INFO MemoryStore: Block broadcast_23 stored as values in memory (estimated size 79.6 KiB, free 433.8 MiB)
26/07/03 08:13:50 INFO MemoryStore: Block broadcast_23_piece0 stored as bytes in memory (estimated size 27.3 KiB, free 433.7 MiB)
26/07/03 08:13:50 INFO BlockManagerInfo: Added broadcast_23_piece0 in memory on 064b77ed9c92:45907 (size: 27.3 KiB, free: 434.3 MiB)
26/07/03 08:13:50 INFO SparkContext: Created broadcast 23 from broadcast at DAGScheduler.scala:1611
26/07/03 08:13:51 INFO DAGScheduler: Submitting 1 missing tasks from ShuffleMapStage 27 (MapPartitionsRDD[71] at collectAsList at OffsetAnalytics.java:140) (first 15 tasks are for partitions Vector(0))
26/07/03 08:13:51 INFO TaskSchedulerImpl: Adding task set 27.0 with 1 tasks resource profile 0
26/07/03 08:13:51 INFO TaskSetManager: Starting task 0.0 in stage 27.0 (TID 16) (064b77ed9c92, executor driver, partition 0, NODE_LOCAL, 9187 bytes) 
26/07/03 08:13:51 INFO Executor: Running task 0.0 in stage 27.0 (TID 16)
26/07/03 08:13:51 INFO ShuffleBlockFetcherIterator: Getting 1 (60.0 B) non-empty blocks including 1 (60.0 B) local and 0 (0.0 B) host-local and 0 (0.0 B) push-merged-local and 0 (0.0 B) remote blocks
26/07/03 08:13:51 INFO ShuffleBlockFetcherIterator: Started 0 remote fetches in 0 ms
26/07/03 08:13:51 INFO Executor: Finished task 0.0 in stage 27.0 (TID 16). 6117 bytes result sent to driver
26/07/03 08:13:51 INFO TaskSetManager: Finished task 0.0 in stage 27.0 (TID 16) in 8 ms on 064b77ed9c92 (executor driver) (1/1)
26/07/03 08:13:51 INFO TaskSchedulerImpl: Removed TaskSet 27.0, whose tasks have all completed, from pool 
26/07/03 08:13:51 INFO DAGScheduler: ShuffleMapStage 27 (collectAsList at OffsetAnalytics.java:140) finished in 0.010 s
26/07/03 08:13:51 INFO DAGScheduler: looking for newly runnable stages
26/07/03 08:13:51 INFO DAGScheduler: running: Set()
26/07/03 08:13:51 INFO DAGScheduler: waiting: Set()
26/07/03 08:13:51 INFO DAGScheduler: failed: Set()
26/07/03 08:13:51 INFO ShufflePartitionsUtil: For shuffle(9), advisory target size: 67108864, actual target size 1048576, minimum partition size: 1048576
26/07/03 08:13:51 INFO HashAggregateExec: spark.sql.codegen.aggregate.map.twolevel.enabled is set to true, but current version of codegened fast hashmap does not support this aggregate.
26/07/03 08:13:51 INFO CodeGenerator: Code generated in 5.316125 ms
26/07/03 08:13:51 INFO SparkContext: Starting job: collectAsList at OffsetAnalytics.java:140
26/07/03 08:13:51 INFO DAGScheduler: Got job 17 (collectAsList at OffsetAnalytics.java:140) with 1 output partitions
26/07/03 08:13:51 INFO DAGScheduler: Final stage: ResultStage 30 (collectAsList at OffsetAnalytics.java:140)
26/07/03 08:13:51 INFO DAGScheduler: Parents of final stage: List(ShuffleMapStage 29)
26/07/03 08:13:51 INFO DAGScheduler: Missing parents: List()
26/07/03 08:13:51 INFO DAGScheduler: Submitting ResultStage 30 (MapPartitionsRDD[74] at collectAsList at OffsetAnalytics.java:140), which has no missing parents
26/07/03 08:13:51 INFO MemoryStore: Block broadcast_24 stored as values in memory (estimated size 74.4 KiB, free 433.7 MiB)
26/07/03 08:13:51 INFO MemoryStore: Block broadcast_24_piece0 stored as bytes in memory (estimated size 27.1 KiB, free 433.6 MiB)
26/07/03 08:13:51 INFO BlockManagerInfo: Added broadcast_24_piece0 in memory on 064b77ed9c92:45907 (size: 27.1 KiB, free: 434.3 MiB)
26/07/03 08:13:51 INFO SparkContext: Created broadcast 24 from broadcast at DAGScheduler.scala:1611
26/07/03 08:13:51 INFO DAGScheduler: Submitting 1 missing tasks from ResultStage 30 (MapPartitionsRDD[74] at collectAsList at OffsetAnalytics.java:140) (first 15 tasks are for partitions Vector(0))
26/07/03 08:13:51 INFO TaskSchedulerImpl: Adding task set 30.0 with 1 tasks resource profile 0
26/07/03 08:13:51 INFO TaskSetManager: Starting task 0.0 in stage 30.0 (TID 17) (064b77ed9c92, executor driver, partition 0, NODE_LOCAL, 9198 bytes) 
26/07/03 08:13:51 INFO Executor: Running task 0.0 in stage 30.0 (TID 17)
26/07/03 08:13:51 INFO ShuffleBlockFetcherIterator: Getting 1 (66.0 B) non-empty blocks including 1 (66.0 B) local and 0 (0.0 B) host-local and 0 (0.0 B) push-merged-local and 0 (0.0 B) remote blocks
26/07/03 08:13:51 INFO ShuffleBlockFetcherIterator: Started 0 remote fetches in 0 ms
26/07/03 08:13:51 INFO CodeGenerator: Code generated in 3.464084 ms
26/07/03 08:13:51 INFO Executor: Finished task 0.0 in stage 30.0 (TID 17). 7434 bytes result sent to driver
26/07/03 08:13:51 INFO TaskSetManager: Finished task 0.0 in stage 30.0 (TID 17) in 10 ms on 064b77ed9c92 (executor driver) (1/1)
26/07/03 08:13:51 INFO TaskSchedulerImpl: Removed TaskSet 30.0, whose tasks have all completed, from pool 
26/07/03 08:13:51 INFO DAGScheduler: ResultStage 30 (collectAsList at OffsetAnalytics.java:140) finished in 0.014 s
26/07/03 08:13:51 INFO DAGScheduler: Job 17 is finished. Cancelling potential speculative or zombie tasks for this job
26/07/03 08:13:51 INFO TaskSchedulerImpl: Killing all running tasks in stage 30: Stage finished
26/07/03 08:13:51 INFO DAGScheduler: Job 17 finished: collectAsList at OffsetAnalytics.java:140, took 0.015374 s
[recon] ERROR: invalid metadata rows detected: invalid_row_count=1
26/07/03 08:13:51 INFO SparkContext: SparkContext is stopping with exitCode 0.
26/07/03 08:13:51 INFO SparkUI: Stopped Spark web UI at http://064b77ed9c92:4040
26/07/03 08:13:51 INFO MapOutputTrackerMasterEndpoint: MapOutputTrackerMasterEndpoint stopped!
26/07/03 08:13:51 INFO MemoryStore: MemoryStore cleared
26/07/03 08:13:51 INFO BlockManager: BlockManager stopped
26/07/03 08:13:51 INFO BlockManagerMaster: BlockManagerMaster stopped
26/07/03 08:13:51 INFO OutputCommitCoordinator$OutputCommitCoordinatorEndpoint: OutputCommitCoordinator stopped!
26/07/03 08:13:51 INFO SparkContext: Successfully stopped SparkContext
26/07/03 08:13:51 INFO ShutdownHookManager: Shutdown hook called
26/07/03 08:13:51 INFO ShutdownHookManager: Deleting directory /tmp/spark-4c6c4d23-b592-44ea-b4cf-f80ccf28305f
26/07/03 08:13:51 INFO ShutdownHookManager: Deleting directory /tmp/spark-1807c24f-afd1-4895-a784-2c59c7360235
