[recon] resolved_configuration_begin
[recon] recon.inputRoots=/recon-local/java-fixtures/pass/root_a,/recon-local/java-fixtures/pass/root_b
[recon] recon.metadataColumn=cactus__metadata
[recon] recon.datePartitionColumn=timestampcolumn
[recon] recon.runDate=2026-07-02
[recon] recon.runDateSource=spark_conf:recon.runDate
[recon] recon.normalizedOffsetsPath=file:///recon-local/java-fixtures/cache/normalized_offsets
[recon] recon.normalizedOffsetsOverwrite=true
[recon] recon.failOnInvalidRows=true
[recon] recon.failOnGaps=true
[recon] recon.missingOffsetsLimit=1000
[recon] recon.exitOnCompletion=true
[recon] resolved_configuration_end
[recon] partition_scan_begin
[recon] root=/recon-local/java-fixtures/pass/root_a
[recon] root=/recon-local/java-fixtures/pass/root_a eligible_count=1
[recon] eligible_path root=/recon-local/java-fixtures/pass/root_a date=2026-07-01 path=file:/recon-local/java-fixtures/pass/root_a/timestampcolumn=2026-07-01
[recon] root=/recon-local/java-fixtures/pass/root_b
[recon] root=/recon-local/java-fixtures/pass/root_b eligible_count=1
[recon] eligible_path root=/recon-local/java-fixtures/pass/root_b date=2026-07-01 path=file:/recon-local/java-fixtures/pass/root_b/timestampcolumn=2026-07-01
[recon] partition_scan_end
[recon] eligible_path_count=2
[recon] eligible_row_count=6
[recon] metadata_quality_begin
+------------------+----------------------+--------------------+-----------------------+--------------------+---------------------------+------------------------+-----------------+----------------------+
|eligible_row_count|missing_metadata_count|malformed_json_count|missing_partition_count|missing_offset_count|non_numeric_partition_count|non_numeric_offset_count|invalid_row_count|valid_offset_row_count|
+------------------+----------------------+--------------------+-----------------------+--------------------+---------------------------+------------------------+-----------------+----------------------+
|6                 |0                     |0                   |0                      |0                   |0                          |0                       |0                |6                     |
+------------------+----------------------+--------------------+-----------------------+--------------------+---------------------------+------------------------+-----------------+----------------------+

[recon] metadata_quality_end
[recon] valid_offset_row_count=6
[recon] normalized_offsets_persisted=true path=file:///recon-local/java-fixtures/cache/normalized_offsets mode=Overwrite
[recon] normalized_offsets_write_complete path=file:///recon-local/java-fixtures/cache/normalized_offsets
[recon] normalized_offsets_read_complete path=file:///recon-local/java-fixtures/cache/normalized_offsets
[recon] normalized_offset_row_count=6
[recon] distinct_partition_offset_count=6
[recon] duplicate_offset_row_count=0
[recon] partition_gap_stats_begin
[recon] partition=0 distinct_offset_count=3 min_offset=0 max_offset=2 span=3 expected_count=3 missing_offset_count=0 has_gaps=false missing_offsets=[] missing_offsets_limit=1000 missing_offsets_truncated=false
[recon] partition=1 distinct_offset_count=3 min_offset=10 max_offset=12 span=3 expected_count=3 missing_offset_count=0 has_gaps=false missing_offsets=[] missing_offsets_limit=1000 missing_offsets_truncated=false
[recon] partition_gap_stats_end
[recon] gap_partition_count=0
[recon] RESULT: PASS no gaps detected
