26/07/03 08:14:22 INFO SparkContext: Running Spark version 3.5.6
26/07/03 08:14:22 INFO SparkContext: OS info Linux, 6.12.76-linuxkit, aarch64
26/07/03 08:14:22 INFO SparkContext: Java version 11.0.27
26/07/03 08:14:22 WARN NativeCodeLoader: Unable to load native-hadoop library for your platform... using builtin-java classes where applicable
26/07/03 08:14:22 INFO ResourceUtils: ==============================================================
26/07/03 08:14:22 INFO ResourceUtils: No custom resources configured for spark.driver.
26/07/03 08:14:22 INFO ResourceUtils: ==============================================================
26/07/03 08:14:22 INFO SparkContext: Submitted application: Kafka Offset Gap Checker
26/07/03 08:14:22 INFO ResourceProfile: Default ResourceProfile created, executor resources: Map(cores -> name: cores, amount: 1, script: , vendor: , memory -> name: memory, amount: 1024, script: , vendor: , offHeap -> name: offHeap, amount: 0, script: , vendor: ), task resources: Map(cpus -> name: cpus, amount: 1.0)
26/07/03 08:14:22 INFO ResourceProfile: Limiting resource is cpu
26/07/03 08:14:22 INFO ResourceProfileManager: Added ResourceProfile id: 0
26/07/03 08:14:22 INFO SecurityManager: Changing view acls to: spark
26/07/03 08:14:22 INFO SecurityManager: Changing modify acls to: spark
26/07/03 08:14:22 INFO SecurityManager: Changing view acls groups to: 
26/07/03 08:14:22 INFO SecurityManager: Changing modify acls groups to: 
26/07/03 08:14:22 INFO SecurityManager: SecurityManager: authentication disabled; ui acls disabled; users with view permissions: spark; groups with view permissions: EMPTY; users with modify permissions: spark; groups with modify permissions: EMPTY
26/07/03 08:14:22 INFO Utils: Successfully started service 'sparkDriver' on port 44681.
26/07/03 08:14:22 INFO SparkEnv: Registering MapOutputTracker
26/07/03 08:14:22 INFO SparkEnv: Registering BlockManagerMaster
26/07/03 08:14:22 INFO BlockManagerMasterEndpoint: Using org.apache.spark.storage.DefaultTopologyMapper for getting topology information
26/07/03 08:14:22 INFO BlockManagerMasterEndpoint: BlockManagerMasterEndpoint up
26/07/03 08:14:22 INFO SparkEnv: Registering BlockManagerMasterHeartbeat
26/07/03 08:14:22 INFO DiskBlockManager: Created local directory at /tmp/blockmgr-6bd651af-3caf-4ca7-ba5d-bf8934668a42
26/07/03 08:14:22 INFO MemoryStore: MemoryStore started with capacity 434.4 MiB
26/07/03 08:14:22 INFO SparkEnv: Registering OutputCommitCoordinator
26/07/03 08:14:22 INFO JettyUtils: Start Jetty 0.0.0.0:4040 for SparkUI
26/07/03 08:14:22 INFO Utils: Successfully started service 'SparkUI' on port 4040.
26/07/03 08:14:22 INFO SparkContext: Added JAR file:/workspace/build/libs/recon-kafka-offset-gap-checker-1.0.0.jar at spark://064b77ed9c92:44681/jars/recon-kafka-offset-gap-checker-1.0.0.jar with timestamp 1783066462144
26/07/03 08:14:22 INFO Executor: Starting executor ID driver on host 064b77ed9c92
26/07/03 08:14:22 INFO Executor: OS info Linux, 6.12.76-linuxkit, aarch64
26/07/03 08:14:22 INFO Executor: Java version 11.0.27
26/07/03 08:14:22 INFO Executor: Starting executor with user classpath (userClassPathFirst = false): ''
26/07/03 08:14:22 INFO Executor: Created or updated repl class loader org.apache.spark.util.MutableURLClassLoader@29b40b3 for default.
26/07/03 08:14:22 INFO Executor: Fetching spark://064b77ed9c92:44681/jars/recon-kafka-offset-gap-checker-1.0.0.jar with timestamp 1783066462144
26/07/03 08:14:22 INFO TransportClientFactory: Successfully created connection to 064b77ed9c92/172.17.0.2:44681 after 10 ms (0 ms spent in bootstraps)
26/07/03 08:14:22 INFO Utils: Fetching spark://064b77ed9c92:44681/jars/recon-kafka-offset-gap-checker-1.0.0.jar to /tmp/spark-d089a5ff-8290-47f3-8720-c3be5fee117d/userFiles-3aff662a-c666-4cd0-b8a0-c9a6ea87970c/fetchFileTemp8272833900135786316.tmp
26/07/03 08:14:22 INFO Executor: Adding file:/tmp/spark-d089a5ff-8290-47f3-8720-c3be5fee117d/userFiles-3aff662a-c666-4cd0-b8a0-c9a6ea87970c/recon-kafka-offset-gap-checker-1.0.0.jar to class loader default
26/07/03 08:14:22 INFO Utils: Successfully started service 'org.apache.spark.network.netty.NettyBlockTransferService' on port 39421.
26/07/03 08:14:22 INFO NettyBlockTransferService: Server created on 064b77ed9c92:39421
26/07/03 08:14:22 INFO BlockManager: Using org.apache.spark.storage.RandomBlockReplicationPolicy for block replication policy
26/07/03 08:14:22 INFO BlockManagerMaster: Registering BlockManager BlockManagerId(driver, 064b77ed9c92, 39421, None)
26/07/03 08:14:22 INFO BlockManagerMasterEndpoint: Registering block manager 064b77ed9c92:39421 with 434.4 MiB RAM, BlockManagerId(driver, 064b77ed9c92, 39421, None)
26/07/03 08:14:22 INFO BlockManagerMaster: Registered BlockManager BlockManagerId(driver, 064b77ed9c92, 39421, None)
26/07/03 08:14:22 INFO BlockManager: Initialized BlockManager: BlockManagerId(driver, 064b77ed9c92, 39421, None)
26/07/03 08:14:22 INFO SharedState: Setting hive.metastore.warehouse.dir ('null') to the value of spark.sql.warehouse.dir.
26/07/03 08:14:22 INFO SharedState: Warehouse path is 'file:/workspace/spark-warehouse'.
26/07/03 08:14:23 INFO InMemoryFileIndex: It took 16 ms to list leaf files for 1 paths.
26/07/03 08:14:23 INFO SparkContext: Starting job: parquet at MetadataNormalizer.java:40
26/07/03 08:14:23 INFO DAGScheduler: Got job 0 (parquet at MetadataNormalizer.java:40) with 1 output partitions
26/07/03 08:14:23 INFO DAGScheduler: Final stage: ResultStage 0 (parquet at MetadataNormalizer.java:40)
26/07/03 08:14:23 INFO DAGScheduler: Parents of final stage: List()
26/07/03 08:14:23 INFO DAGScheduler: Missing parents: List()
26/07/03 08:14:23 INFO DAGScheduler: Submitting ResultStage 0 (MapPartitionsRDD[1] at parquet at MetadataNormalizer.java:40), which has no missing parents
26/07/03 08:14:23 INFO MemoryStore: Block broadcast_0 stored as values in memory (estimated size 103.7 KiB, free 434.3 MiB)
26/07/03 08:14:23 INFO MemoryStore: Block broadcast_0_piece0 stored as bytes in memory (estimated size 37.4 KiB, free 434.3 MiB)
26/07/03 08:14:23 INFO BlockManagerInfo: Added broadcast_0_piece0 in memory on 064b77ed9c92:39421 (size: 37.4 KiB, free: 434.4 MiB)
26/07/03 08:14:23 INFO SparkContext: Created broadcast 0 from broadcast at DAGScheduler.scala:1611
26/07/03 08:14:23 INFO DAGScheduler: Submitting 1 missing tasks from ResultStage 0 (MapPartitionsRDD[1] at parquet at MetadataNormalizer.java:40) (first 15 tasks are for partitions Vector(0))
26/07/03 08:14:23 INFO TaskSchedulerImpl: Adding task set 0.0 with 1 tasks resource profile 0
26/07/03 08:14:23 INFO TaskSetManager: Starting task 0.0 in stage 0.0 (TID 0) (064b77ed9c92, executor driver, partition 0, PROCESS_LOCAL, 9394 bytes) 
26/07/03 08:14:23 INFO Executor: Running task 0.0 in stage 0.0 (TID 0)
26/07/03 08:14:23 INFO Executor: Finished task 0.0 in stage 0.0 (TID 0). 1712 bytes result sent to driver
26/07/03 08:14:23 INFO TaskSetManager: Finished task 0.0 in stage 0.0 (TID 0) in 143 ms on 064b77ed9c92 (executor driver) (1/1)
26/07/03 08:14:23 INFO TaskSchedulerImpl: Removed TaskSet 0.0, whose tasks have all completed, from pool 
26/07/03 08:14:23 INFO DAGScheduler: ResultStage 0 (parquet at MetadataNormalizer.java:40) finished in 0.192 s
26/07/03 08:14:23 INFO DAGScheduler: Job 0 is finished. Cancelling potential speculative or zombie tasks for this job
26/07/03 08:14:23 INFO TaskSchedulerImpl: Killing all running tasks in stage 0: Stage finished
26/07/03 08:14:23 INFO DAGScheduler: Job 0 finished: parquet at MetadataNormalizer.java:40, took 0.204907 s
26/07/03 08:14:23 INFO BlockManagerInfo: Removed broadcast_0_piece0 on 064b77ed9c92:39421 in memory (size: 37.4 KiB, free: 434.4 MiB)
26/07/03 08:14:23 INFO FileSourceStrategy: Pushed Filters: 
26/07/03 08:14:23 INFO FileSourceStrategy: Post-Scan Filters: 
26/07/03 08:14:23 INFO CodeGenerator: Code generated in 72.469583 ms
26/07/03 08:14:23 INFO MemoryStore: Block broadcast_1 stored as values in memory (estimated size 201.3 KiB, free 434.2 MiB)
26/07/03 08:14:23 INFO MemoryStore: Block broadcast_1_piece0 stored as bytes in memory (estimated size 35.0 KiB, free 434.2 MiB)
26/07/03 08:14:23 INFO BlockManagerInfo: Added broadcast_1_piece0 in memory on 064b77ed9c92:39421 (size: 35.0 KiB, free: 434.4 MiB)
26/07/03 08:14:23 INFO SparkContext: Created broadcast 1 from count at MetadataNormalizer.java:48
26/07/03 08:14:23 INFO FileSourceScanExec: Planning scan with bin packing, max size: 4194304 bytes, open cost is considered as scanning 4194304 bytes.
26/07/03 08:14:23 INFO DAGScheduler: Registering RDD 5 (count at MetadataNormalizer.java:48) as input to shuffle 0
26/07/03 08:14:23 INFO DAGScheduler: Got map stage job 1 (count at MetadataNormalizer.java:48) with 1 output partitions
26/07/03 08:14:23 INFO DAGScheduler: Final stage: ShuffleMapStage 1 (count at MetadataNormalizer.java:48)
26/07/03 08:14:23 INFO DAGScheduler: Parents of final stage: List()
26/07/03 08:14:23 INFO DAGScheduler: Missing parents: List()
26/07/03 08:14:23 INFO DAGScheduler: Submitting ShuffleMapStage 1 (MapPartitionsRDD[5] at count at MetadataNormalizer.java:48), which has no missing parents
26/07/03 08:14:23 INFO MemoryStore: Block broadcast_2 stored as values in memory (estimated size 17.0 KiB, free 434.2 MiB)
26/07/03 08:14:23 INFO MemoryStore: Block broadcast_2_piece0 stored as bytes in memory (estimated size 7.8 KiB, free 434.1 MiB)
26/07/03 08:14:23 INFO BlockManagerInfo: Added broadcast_2_piece0 in memory on 064b77ed9c92:39421 (size: 7.8 KiB, free: 434.4 MiB)
26/07/03 08:14:23 INFO SparkContext: Created broadcast 2 from broadcast at DAGScheduler.scala:1611
26/07/03 08:14:23 INFO DAGScheduler: Submitting 1 missing tasks from ShuffleMapStage 1 (MapPartitionsRDD[5] at count at MetadataNormalizer.java:48) (first 15 tasks are for partitions Vector(0))
26/07/03 08:14:23 INFO TaskSchedulerImpl: Adding task set 1.0 with 1 tasks resource profile 0
26/07/03 08:14:23 INFO TaskSetManager: Starting task 0.0 in stage 1.0 (TID 1) (064b77ed9c92, executor driver, partition 0, PROCESS_LOCAL, 9890 bytes) 
26/07/03 08:14:23 INFO Executor: Running task 0.0 in stage 1.0 (TID 1)
26/07/03 08:14:23 INFO CodeGenerator: Code generated in 7.21375 ms
26/07/03 08:14:23 INFO FileScanRDD: Reading File path: file:///recon-local/java-fixtures/pass/root_a/timestampcolumn=2026-07-01/part-00000-0ac16dc4-1f38-414a-bad9-0c72fbef13d2-c000.snappy.parquet, range: 0-907, partition values: [empty row]
26/07/03 08:14:23 INFO Executor: Finished task 0.0 in stage 1.0 (TID 1). 2136 bytes result sent to driver
26/07/03 08:14:23 INFO TaskSetManager: Finished task 0.0 in stage 1.0 (TID 1) in 65 ms on 064b77ed9c92 (executor driver) (1/1)
26/07/03 08:14:23 INFO TaskSchedulerImpl: Removed TaskSet 1.0, whose tasks have all completed, from pool 
26/07/03 08:14:23 INFO DAGScheduler: ShuffleMapStage 1 (count at MetadataNormalizer.java:48) finished in 0.082 s
26/07/03 08:14:23 INFO DAGScheduler: looking for newly runnable stages
26/07/03 08:14:23 INFO DAGScheduler: running: Set()
26/07/03 08:14:23 INFO DAGScheduler: waiting: Set()
26/07/03 08:14:23 INFO DAGScheduler: failed: Set()
26/07/03 08:14:23 INFO CodeGenerator: Code generated in 4.922333 ms
26/07/03 08:14:23 INFO SparkContext: Starting job: count at MetadataNormalizer.java:48
26/07/03 08:14:23 INFO DAGScheduler: Got job 2 (count at MetadataNormalizer.java:48) with 1 output partitions
26/07/03 08:14:23 INFO DAGScheduler: Final stage: ResultStage 3 (count at MetadataNormalizer.java:48)
26/07/03 08:14:23 INFO DAGScheduler: Parents of final stage: List(ShuffleMapStage 2)
26/07/03 08:14:23 INFO DAGScheduler: Missing parents: List()
26/07/03 08:14:23 INFO DAGScheduler: Submitting ResultStage 3 (MapPartitionsRDD[8] at count at MetadataNormalizer.java:48), which has no missing parents
26/07/03 08:14:23 INFO MemoryStore: Block broadcast_3 stored as values in memory (estimated size 12.5 KiB, free 434.1 MiB)
26/07/03 08:14:23 INFO MemoryStore: Block broadcast_3_piece0 stored as bytes in memory (estimated size 5.9 KiB, free 434.1 MiB)
26/07/03 08:14:23 INFO BlockManagerInfo: Added broadcast_3_piece0 in memory on 064b77ed9c92:39421 (size: 5.9 KiB, free: 434.4 MiB)
26/07/03 08:14:23 INFO SparkContext: Created broadcast 3 from broadcast at DAGScheduler.scala:1611
26/07/03 08:14:23 INFO DAGScheduler: Submitting 1 missing tasks from ResultStage 3 (MapPartitionsRDD[8] at count at MetadataNormalizer.java:48) (first 15 tasks are for partitions Vector(0))
26/07/03 08:14:23 INFO TaskSchedulerImpl: Adding task set 3.0 with 1 tasks resource profile 0
26/07/03 08:14:23 INFO TaskSetManager: Starting task 0.0 in stage 3.0 (TID 2) (064b77ed9c92, executor driver, partition 0, NODE_LOCAL, 9198 bytes) 
26/07/03 08:14:23 INFO Executor: Running task 0.0 in stage 3.0 (TID 2)
26/07/03 08:14:23 INFO ShuffleBlockFetcherIterator: Getting 1 (60.0 B) non-empty blocks including 1 (60.0 B) local and 0 (0.0 B) host-local and 0 (0.0 B) push-merged-local and 0 (0.0 B) remote blocks
26/07/03 08:14:23 INFO ShuffleBlockFetcherIterator: Started 0 remote fetches in 2 ms
26/07/03 08:14:23 INFO CodeGenerator: Code generated in 4.587792 ms
26/07/03 08:14:23 INFO Executor: Finished task 0.0 in stage 3.0 (TID 2). 3995 bytes result sent to driver
26/07/03 08:14:23 INFO TaskSetManager: Finished task 0.0 in stage 3.0 (TID 2) in 27 ms on 064b77ed9c92 (executor driver) (1/1)
26/07/03 08:14:23 INFO TaskSchedulerImpl: Removed TaskSet 3.0, whose tasks have all completed, from pool 
26/07/03 08:14:23 INFO DAGScheduler: ResultStage 3 (count at MetadataNormalizer.java:48) finished in 0.031 s
26/07/03 08:14:23 INFO DAGScheduler: Job 2 is finished. Cancelling potential speculative or zombie tasks for this job
26/07/03 08:14:23 INFO TaskSchedulerImpl: Killing all running tasks in stage 3: Stage finished
26/07/03 08:14:23 INFO DAGScheduler: Job 2 finished: count at MetadataNormalizer.java:48, took 0.035445 s
[recon] ERROR: Metadata column 'not_present' not found in eligible parquet data
26/07/03 08:14:23 INFO SparkContext: SparkContext is stopping with exitCode 0.
26/07/03 08:14:23 INFO SparkUI: Stopped Spark web UI at http://064b77ed9c92:4040
26/07/03 08:14:23 INFO MapOutputTrackerMasterEndpoint: MapOutputTrackerMasterEndpoint stopped!
26/07/03 08:14:23 INFO MemoryStore: MemoryStore cleared
26/07/03 08:14:23 INFO BlockManager: BlockManager stopped
26/07/03 08:14:23 INFO BlockManagerMaster: BlockManagerMaster stopped
26/07/03 08:14:23 INFO OutputCommitCoordinator$OutputCommitCoordinatorEndpoint: OutputCommitCoordinator stopped!
26/07/03 08:14:23 INFO SparkContext: Successfully stopped SparkContext
26/07/03 08:14:23 INFO ShutdownHookManager: Shutdown hook called
26/07/03 08:14:23 INFO ShutdownHookManager: Deleting directory /tmp/spark-78a89ca6-8e1d-4479-86a0-e0558089e9a9
26/07/03 08:14:23 INFO ShutdownHookManager: Deleting directory /tmp/spark-d089a5ff-8290-47f3-8720-c3be5fee117d
