[recon] resolved_configuration_begin
[recon] recon.inputRoots=/recon-local/java-fixtures/invalid/all_invalid/root_a
[recon] recon.metadataColumn=cactus__metadata
[recon] recon.datePartitionColumn=timestampcolumn
[recon] recon.runDate=2026-07-02
[recon] recon.runDateSource=spark_conf:recon.runDate
[recon] recon.normalizedOffsetsPath=<none>
[recon] recon.normalizedOffsetsOverwrite=true
[recon] recon.failOnInvalidRows=true
[recon] recon.failOnGaps=true
[recon] recon.missingOffsetsLimit=1000
[recon] recon.exitOnCompletion=true
[recon] resolved_configuration_end
[recon] partition_scan_begin
[recon] root=/recon-local/java-fixtures/invalid/all_invalid/root_a
[recon] root=/recon-local/java-fixtures/invalid/all_invalid/root_a eligible_count=1
[recon] eligible_path root=/recon-local/java-fixtures/invalid/all_invalid/root_a date=2026-07-01 path=file:/recon-local/java-fixtures/invalid/all_invalid/root_a/timestampcolumn=2026-07-01
[recon] partition_scan_end
[recon] eligible_path_count=1
[recon] eligible_row_count=3
[recon] metadata_quality_begin
+------------------+----------------------+--------------------+-----------------------+--------------------+---------------------------+------------------------+-----------------+----------------------+
|eligible_row_count|missing_metadata_count|malformed_json_count|missing_partition_count|missing_offset_count|non_numeric_partition_count|non_numeric_offset_count|invalid_row_count|valid_offset_row_count|
+------------------+----------------------+--------------------+-----------------------+--------------------+---------------------------+------------------------+-----------------+----------------------+
|3                 |1                     |1                   |0                      |0                   |1                          |1                       |3                |0                     |
+------------------+----------------------+--------------------+-----------------------+--------------------+---------------------------+------------------------+-----------------+----------------------+

[recon] metadata_quality_end
[recon] RESULT: FAIL Zero valid partition/offset pairs were extracted from eligible parquet data
